[german-vpd] bank resident on GPU in 7s; base CE 0.4529; uniform 11.7618; 37 GiB allocated
[german-vpd]   random     K=0     (  0.0%)  CE   0.4529  Δ  +0.0000
[german-vpd]   random     K=1     (  0.0%)  CE   0.4532  Δ  +0.0004
[german-vpd]   random     K=2     (  0.0%)  CE   0.4533  Δ  +0.0004
[german-vpd]   random     K=4     (  0.1%)  CE   0.4533  Δ  +0.0005
[german-vpd]   random     K=8     (  0.2%)  CE   0.4539  Δ  +0.0011
[german-vpd]   random     K=16    (  0.4%)  CE   0.4557  Δ  +0.0029
[german-vpd]   random     K=32    (  0.8%)  CE   0.4526  Δ  -0.0002
[german-vpd]   random     K=64    (  1.6%)  CE   0.4543  Δ  +0.0014
[german-vpd]   random     K=128   (  3.1%)  CE   0.5332  Δ  +0.0803
[german-vpd]   random     K=256   (  6.2%)  CE   0.5630  Δ  +0.1102
[german-vpd]   random     K=512   ( 12.5%)  CE   0.7101  Δ  +0.2572
[german-vpd]   random     K=1024  ( 25.0%)  CE   6.2452  Δ  +5.7923
[german-vpd]   random     K=1536  ( 37.5%)  CE  11.0256  Δ +10.5728
[german-vpd]   random     K=2048  ( 50.0%)  CE  12.5515  Δ +12.0986
[german-vpd]   random     K=2560  ( 62.5%)  CE  12.1677  Δ +11.7149
[german-vpd]   random     K=3072  ( 75.0%)  CE  20.4139  Δ +19.9610
[german-vpd]   random     K=3456  ( 84.4%)  CE  36.2689  Δ +35.8160
[german-vpd]   random     K=3712  ( 90.6%)  CE  45.0190  Δ +44.5662
[german-vpd]   random     K=3840  ( 93.8%)  CE  43.9138  Δ +43.4610
[german-vpd]   random     K=3968  ( 96.9%)  CE  49.8154  Δ +49.3626
[german-vpd]   random     K=4032  ( 98.4%)  CE  45.9147  Δ +45.4618
[german-vpd]   random     K=4064  ( 99.2%)  CE  49.1871  Δ +48.7342
[german-vpd]   random     K=4080  ( 99.6%)  CE  48.3533  Δ +47.9004
[german-vpd]   random     K=4088  ( 99.8%)  CE  91.9228  Δ +91.4699
[german-vpd]   random     K=4092  ( 99.9%)  CE  91.9251  Δ +91.4722
[german-vpd]   random     K=4095  (100.0%)  CE  91.9313  Δ +91.4784
[german-vpd]   random     K=4096  (100.0%)  CE  92.8524  Δ +92.3996
[german-vpd] random: 27 points in 2s
[german-vpd]   mass_asc   K=0     (  0.0%)  CE   0.4529  Δ  +0.0000
[german-vpd]   mass_asc   K=1     (  0.0%)  CE   0.4531  Δ  +0.0002
[german-vpd]   mass_asc   K=2     (  0.0%)  CE   0.4531  Δ  +0.0003
[german-vpd]   mass_asc   K=4     (  0.1%)  CE   0.4528  Δ  -0.0000
[german-vpd]   mass_asc   K=8     (  0.2%)  CE   0.4529  Δ  +0.0001
[german-vpd]   mass_asc   K=16    (  0.4%)  CE   0.4530  Δ  +0.0001
[german-vpd]   mass_asc   K=32    (  0.8%)  CE   0.4529  Δ  +0.0000
[german-vpd]   mass_asc   K=64    (  1.6%)  CE   0.4515  Δ  -0.0013
[german-vpd]   mass_asc   K=128   (  3.1%)  CE   0.4510  Δ  -0.0018
[german-vpd]   mass_asc   K=256   (  6.2%)  CE   0.4507  Δ  -0.0021
[german-vpd]   mass_asc   K=512   ( 12.5%)  CE   0.4624  Δ  +0.0096
[german-vpd]   mass_asc   K=1024  ( 25.0%)  CE   0.5000  Δ  +0.0471
[german-vpd]   mass_asc   K=1536  ( 37.5%)  CE   0.5639  Δ  +0.1111
[german-vpd]   mass_asc   K=2048  ( 50.0%)  CE   0.7331  Δ  +0.2802
[german-vpd]   mass_asc   K=2560  ( 62.5%)  CE   1.2530  Δ  +0.8002
[german-vpd]   mass_asc   K=3072  ( 75.0%)  CE   5.0531  Δ  +4.6003
[german-vpd]   mass_asc   K=3456  ( 84.4%)  CE  11.0117  Δ +10.5588
[german-vpd]   mass_asc   K=3712  ( 90.6%)  CE  12.8135  Δ +12.3606
[german-vpd]   mass_asc   K=3840  ( 93.8%)  CE  11.1629  Δ +10.7101
[german-vpd]   mass_asc   K=3968  ( 96.9%)  CE  16.0598  Δ +15.6069
[german-vpd]   mass_asc   K=4032  ( 98.4%)  CE  23.9307  Δ +23.4779
[german-vpd]   mass_asc   K=4064  ( 99.2%)  CE  48.5356  Δ +48.0827
[german-vpd]   mass_asc   K=4080  ( 99.6%)  CE  85.7531  Δ +85.3003
[german-vpd]   mass_asc   K=4088  ( 99.8%)  CE  90.9475  Δ +90.4947
[german-vpd]   mass_asc   K=4092  ( 99.9%)  CE  92.4146  Δ +91.9618
[german-vpd]   mass_asc   K=4095  (100.0%)  CE  92.7249  Δ +92.2721
[german-vpd]   mass_asc   K=4096  (100.0%)  CE  92.8524  Δ +92.3996
[german-vpd] mass_asc: 27 points in 2s
[german-vpd]   mass_desc  K=0     (  0.0%)  CE   0.4529  Δ  +0.0000
[german-vpd]   mass_desc  K=1     (  0.0%)  CE   0.4569  Δ  +0.0041
[german-vpd]   mass_desc  K=2     (  0.0%)  CE   0.4630  Δ  +0.0102
[german-vpd]   mass_desc  K=4     (  0.1%)  CE   0.4752  Δ  +0.0224
[german-vpd]   mass_desc  K=8     (  0.2%)  CE   0.5102  Δ  +0.0573
[german-vpd]   mass_desc  K=16    (  0.4%)  CE   0.6019  Δ  +0.1490
[german-vpd]   mass_desc  K=32    (  0.8%)  CE   4.3767  Δ  +3.9238
[german-vpd]   mass_desc  K=64    (  1.6%)  CE  10.1495  Δ  +9.6967
[german-vpd]   mass_desc  K=128   (  3.1%)  CE  11.0383  Δ +10.5854
[german-vpd]   mass_desc  K=256   (  6.2%)  CE  11.3069  Δ +10.8540
[german-vpd]   mass_desc  K=512   ( 12.5%)  CE  12.7623  Δ +12.3095
[german-vpd]   mass_desc  K=1024  ( 25.0%)  CE  21.0111  Δ +20.5582
[german-vpd]   mass_desc  K=1536  ( 37.5%)  CE  31.2781  Δ +30.8253
[german-vpd]   mass_desc  K=2048  ( 50.0%)  CE  37.6497  Δ +37.1969
[german-vpd]   mass_desc  K=2560  ( 62.5%)  CE  63.8609  Δ +63.4081
[german-vpd]   mass_desc  K=3072  ( 75.0%)  CE  82.3974  Δ +81.9446
[german-vpd]   mass_desc  K=3456  ( 84.4%)  CE  89.6346  Δ +89.1818
[german-vpd]   mass_desc  K=3712  ( 90.6%)  CE  92.4339  Δ +91.9810
[german-vpd]   mass_desc  K=3840  ( 93.8%)  CE  92.7945  Δ +92.3417
[german-vpd]   mass_desc  K=3968  ( 96.9%)  CE  92.8495  Δ +92.3966
[german-vpd]   mass_desc  K=4032  ( 98.4%)  CE  92.8534  Δ +92.4005
[german-vpd]   mass_desc  K=4064  ( 99.2%)  CE  92.8523  Δ +92.3995
[german-vpd]   mass_desc  K=4080  ( 99.6%)  CE  92.8524  Δ +92.3995
[german-vpd]   mass_desc  K=4088  ( 99.8%)  CE  92.8523  Δ +92.3994
[german-vpd]   mass_desc  K=4092  ( 99.9%)  CE  92.8525  Δ +92.3997
[german-vpd]   mass_desc  K=4095  (100.0%)  CE  92.8524  Δ +92.3996
[german-vpd]   mass_desc  K=4096  (100.0%)  CE  92.8524  Δ +92.3996
[german-vpd] mass_desc: 27 points in 2s
[german-vpd] random     removable within ΔCE: 0.01: 64 (2%)  0.05: 64 (2%)  0.1: 128 (3%)  0.5: 512 (12%)
[german-vpd] mass_asc   removable within ΔCE: 0.01: 512 (12%)  0.05: 1024 (25%)  0.1: 1024 (25%)  0.5: 2048 (50%)
[german-vpd] mass_desc  removable within ΔCE: 0.01: 1 (0%)  0.05: 4 (0%)  0.1: 8 (0%)  0.5: 16 (0%)
[german-vpd] wrote /dev/shm/geo1b/run1b_streamC4096/ablation_curve.json  (total 13s)
