=== PREP DONE ===
Sat Aug  8 22:21:56 UTC 2026
[pile] scanned 15875 docs -> 1064 blocks of 512 from 17 subsets
[pile]   ArXiv                          64    6.0%
[pile]   HackerNews                     63    5.9%
[pile]   Github                         63    5.9%
[pile]   PhilPapers                     63    5.9%
[pile]   FreeLaw                        63    5.9%
[pile]   Gutenberg (PG-19)              63    5.9%
[pile]   NIH ExPorter                   63    5.9%
[pile]   EuroParl                       63    5.9%
[pile]   DM Mathematics                 63    5.9%
[pile]   PubMed Central                 62    5.8%
[pile]   Wikipedia (en)                 62    5.8%
[pile]   PubMed Abstracts               62    5.8%
[pile]   Pile-CC                        62    5.8%
[pile]   USPTO Backgrounds              62    5.8%
[pile]   StackExchange                  62    5.8%
[pile]   Enron Emails                   62    5.8%
[pile]   Ubuntu IRC                     62    5.8%
[pile]   short of quota: {'Enron Emails': 1}
[stream67] pilot 66048 positions (11s)
[stream67] wrote fit: C=8192 D=65526 pilot N=66048
=== FIT DONE ===
Sat Aug  8 22:23:01 UTC 2026
[stream67] reservoir 32768 rows x 5 steps = 16.9 GiB
[stream67] reservoir 32768 rows x 5 steps = 16.9 GiB
[stream67] 32.8M tokens  74.7k tok/s  filled 28278/32768  eta 216 min
[stream67] 32.8M tokens  74.7k tok/s  filled 29000/32768  eta 216 min
[stream67] 65.5M tokens  74.8k tok/s  filled 29885/32768  eta 208 min
[stream67] 65.5M tokens  74.8k tok/s  filled 30478/32768  eta 208 min
[stream67] 98.3M tokens  74.8k tok/s  filled 30606/32768  eta 201 min
[stream67] 98.3M tokens  74.8k tok/s  filled 31203/32768  eta 201 min
[stream67] 131.1M tokens  74.8k tok/s  filled 31341/32768  eta 194 min
[stream67] 131.1M tokens  74.8k tok/s  filled 31512/32768  eta 194 min
[stream67] 163.8M tokens  74.8k tok/s  filled 31634/32768  eta 186 min
[stream67] 163.8M tokens  74.8k tok/s  filled 31737/32768  eta 186 min
[stream67] 196.6M tokens  74.8k tok/s  filled 31779/32768  eta 179 min
[stream67] 196.6M tokens  74.8k tok/s  filled 31878/32768  eta 179 min
[stream67] 229.4M tokens  74.8k tok/s  filled 31916/32768  eta 172 min
[stream67] 229.4M tokens  74.8k tok/s  filled 32021/32768  eta 172 min
[stream67] 262.1M tokens  74.9k tok/s  filled 32058/32768  eta 164 min
[stream67] 262.1M tokens  74.8k tok/s  filled 32135/32768  eta 164 min
[stream67] 294.9M tokens  74.9k tok/s  filled 32130/32768  eta 157 min
[stream67] 294.9M tokens  74.8k tok/s  filled 32200/32768  eta 157 min
[stream67] 327.7M tokens  74.9k tok/s  filled 32179/32768  eta 150 min
[stream67] 327.7M tokens  74.8k tok/s  filled 32276/32768  eta 150 min
[stream67] 360.4M tokens  74.9k tok/s  filled 32264/32768  eta 142 min
[stream67] 360.4M tokens  74.9k tok/s  filled 32325/32768  eta 142 min
[stream67] 393.2M tokens  74.9k tok/s  filled 32290/32768  eta 135 min
[stream67] 393.2M tokens  74.9k tok/s  filled 32362/32768  eta 135 min
[stream67] 426.0M tokens  75.0k tok/s  filled 32328/32768  eta 128 min
[stream67] 426.0M tokens  74.9k tok/s  filled 32395/32768  eta 128 min
[stream67] 458.8M tokens  75.0k tok/s  filled 32367/32768  eta 120 min
[stream67] 458.8M tokens  74.9k tok/s  filled 32424/32768  eta 120 min
[stream67] 491.5M tokens  75.0k tok/s  filled 32400/32768  eta 113 min
[stream67] 491.5M tokens  74.9k tok/s  filled 32459/32768  eta 113 min
[stream67] streamed 500.0M tokens; wrote reservoir
[stream67] streamed 500.0M tokens; wrote reservoir
=== STREAM DONE ===
Sun Aug  9 00:14:53 UTC 2026
[stream67] merged 2 reservoir shard(s): quota 4 x 2 = 8/cluster
Traceback (most recent call last):
  File "/workspace/param-clustering/geo-attribution/stream67.py", line 555, in <module>
    main()
  File "/workspace/param-clustering/geo-attribution/stream67.py", line 551, in main
    phase_bank(args, dev)
  File "/workspace/param-clustering/geo-attribution/stream67.py", line 379, in phase_bank
    f"{st['tokens']/1e6:.0f}M tokens streamed")
       ~~^^^^^^^^^^
KeyError: 'tokens'
