[german-vpd] reusing cached protocol data /dev/shm/geo1b/run1b_streamC4096/german_vpd_data.pt
[german-vpd] materialized components [3634]: 16/112 matrices
[german-vpd] materialized components [3634]: 32/112 matrices
[german-vpd] materialized components [3634]: 48/112 matrices
[german-vpd] materialized components [3634]: 64/112 matrices
[german-vpd] materialized components [3634]: 80/112 matrices
[german-vpd] materialized components [3634]: 96/112 matrices
[german-vpd] materialized components [3634]: 112/112 matrices
[german-vpd] lora english_only B=2048 l=10 lr=0.0001 step 25: eval de=+0.52 en=-0.000 rom=+0.423 | dev de=+0.22 rom=+0.301
[german-vpd] component english_only B=2048 l=10 lr=0.1 step 25: eval de=+0.60 en=+0.025 rom=+0.333 | dev de=+0.56 rom=+0.361
[german-vpd] lora english_only B=2048 l=10 lr=0.0001 step 50: eval de=+1.42 en=+0.001 rom=+1.117 | dev de=+0.67 rom=+0.810
[german-vpd] component english_only B=2048 l=10 lr=0.1 step 50: eval de=+1.79 en=+0.032 rom=+0.880 | dev de=+1.60 rom=+1.298
[german-vpd] lora english_only B=2048 l=10 lr=0.0001 step 100: eval de=+13.37 en=+0.016 rom=+2.523 | dev de=+10.69 rom=+1.993
[german-vpd] component english_only B=2048 l=10 lr=0.1 step 100: eval de=+8.66 en=+0.042 rom=+4.904 | dev de=+7.55 rom=+7.087
[german-vpd] lora english_only B=2048 l=10 lr=0.0001 step 200: eval de=+13.88 en=+0.007 rom=+1.356 | dev de=+11.56 rom=+1.067
[german-vpd] component english_only B=2048 l=10 lr=0.1 step 200: eval de=+8.50 en=+0.033 rom=+3.504 | dev de=+7.75 rom=+5.262
[german-vpd] lora english_only B=2048 l=10 lr=0.0003 step 25: eval de=+14.87 en=+0.020 rom=+2.247 | dev de=+12.59 rom=+1.942
[german-vpd] lora english_only B=2048 l=10 lr=0.0003 step 50: eval de=+34.11 en=+0.026 rom=+2.940 | dev de=+32.40 rom=+2.913
[german-vpd] lora english_only B=2048 l=10 lr=0.0003 step 100: eval de=+34.73 en=+0.015 rom=+2.557 | dev de=+33.13 rom=+2.488
[german-vpd] component english_only B=2048 l=10 lr=0.1 step 400: eval de=+8.35 en=+0.022 rom=+2.717 | dev de=+7.74 rom=+3.926
[german-vpd] lora english_only B=2048 l=10 lr=0.0003 step 200: eval de=+34.09 en=+0.011 rom=+2.200 | dev de=+32.38 rom=+2.102
[german-vpd] lora english_only B=2048 l=10 lr=0.001 step 25: eval de=+43.11 en=+0.074 rom=+25.967 | dev de=+42.62 rom=+24.590
[german-vpd] lora english_only B=2048 l=10 lr=0.001 step 50: eval de=+44.98 en=+0.063 rom=+27.730 | dev de=+44.44 rom=+26.643
[german-vpd] lora english_only B=2048 l=10 lr=0.001 step 100: eval de=+45.31 en=+0.041 rom=+25.806 | dev de=+44.82 rom=+24.494
[german-vpd] lora english_only B=2048 l=10 lr=0.001 step 200: eval de=+45.57 en=+0.028 rom=+23.364 | dev de=+45.10 rom=+21.942
[german-vpd] lora english_only B=2048 l=10 lr=0.003 step 25: eval de=+15.62 en=+0.061 rom=+3.467 | dev de=+14.98 rom=+3.055
[german-vpd] lora english_only B=2048 l=10 lr=0.003 step 50: eval de=+15.64 en=+0.039 rom=+2.488 | dev de=+15.08 rom=+2.171
[german-vpd] lora english_only B=2048 l=10 lr=0.003 step 100: eval de=+15.79 en=+0.029 rom=+2.289 | dev de=+15.22 rom=+1.977
[german-vpd] component english_only B=2048 l=10 lr=0.1 step 800: eval de=+9.25 en=+0.018 rom=+1.725 | dev de=+8.80 rom=+2.393
[german-vpd] lora english_only B=2048 l=10 lr=0.003 step 200: eval de=+15.48 en=+0.020 rom=+1.978 | dev de=+14.88 rom=+1.695
[german-vpd] component english_only B=2048 l=10 lr=0.3 step 25: eval de=+5.71 en=+0.049 rom=+3.762 | dev de=+4.76 rom=+5.320
[german-vpd] lora english_only B=2048 l=100 lr=0.0001 step 25: eval de=+2.43 en=+0.002 rom=+0.500 | dev de=+1.66 rom=+0.366
[german-vpd] component english_only B=2048 l=10 lr=0.3 step 50: eval de=+7.72 en=+0.043 rom=+4.218 | dev de=+6.92 rom=+6.235
[german-vpd] lora english_only B=2048 l=100 lr=0.0001 step 50: eval de=+24.88 en=+0.008 rom=+0.934 | dev de=+23.17 rom=+0.711
[german-vpd] component english_only B=2048 l=10 lr=0.3 step 100: eval de=+11.11 en=+0.038 rom=+4.449 | dev de=+10.20 rom=+6.493
[german-vpd] lora english_only B=2048 l=100 lr=0.0001 step 100: eval de=+28.35 en=+0.006 rom=+0.931 | dev de=+26.76 rom=+0.718
[german-vpd] lora english_only B=2048 l=100 lr=0.0001 step 200: eval de=+28.11 en=+0.006 rom=+0.877 | dev de=+26.50 rom=+0.676
[german-vpd] component english_only B=2048 l=10 lr=0.3 step 200: eval de=+9.37 en=+0.025 rom=+2.623 | dev de=+8.68 rom=+3.696
[german-vpd] lora english_only B=2048 l=100 lr=0.0003 step 25: eval de=+34.36 en=+0.011 rom=+1.346 | dev de=+33.36 rom=+1.078
[german-vpd] lora english_only B=2048 l=100 lr=0.0003 step 50: eval de=+40.19 en=+0.014 rom=+1.587 | dev de=+39.84 rom=+1.330
[german-vpd] lora english_only B=2048 l=100 lr=0.0003 step 100: eval de=+40.49 en=+0.012 rom=+1.498 | dev de=+40.16 rom=+1.248
[german-vpd] lora english_only B=2048 l=100 lr=0.0003 step 200: eval de=+40.35 en=+0.009 rom=+1.365 | dev de=+39.99 rom=+1.123
[german-vpd] lora english_only B=2048 l=100 lr=0.001 step 25: eval de=+45.06 en=+0.055 rom=+8.199 | dev de=+44.81 rom=+8.505
[german-vpd] lora english_only B=2048 l=100 lr=0.001 step 50: eval de=+46.68 en=+0.038 rom=+6.299 | dev de=+46.48 rom=+6.296
[german-vpd] lora english_only B=2048 l=100 lr=0.001 step 100: eval de=+46.81 en=+0.026 rom=+4.965 | dev de=+46.65 rom=+5.026
[german-vpd] component english_only B=2048 l=10 lr=0.3 step 400: eval de=+8.50 en=+0.018 rom=+1.067 | dev de=+8.49 rom=+1.447
[german-vpd] lora english_only B=2048 l=100 lr=0.001 step 200: eval de=+46.80 en=+0.019 rom=+4.172 | dev de=+46.70 rom=+4.209
[german-vpd] lora english_only B=2048 l=100 lr=0.003 step 25: eval de=+21.22 en=+0.058 rom=+4.733 | dev de=+20.59 rom=+4.658
[german-vpd] lora english_only B=2048 l=100 lr=0.003 step 50: eval de=+22.51 en=+0.048 rom=+3.558 | dev de=+22.22 rom=+3.417
[german-vpd] lora english_only B=2048 l=100 lr=0.003 step 100: eval de=+24.23 en=+0.042 rom=+2.824 | dev de=+23.94 rom=+2.717
[german-vpd] lora english_only B=2048 l=100 lr=0.003 step 200: eval de=+24.27 en=+0.034 rom=+2.101 | dev de=+24.04 rom=+1.969
[german-vpd] lora english_only B=512 l=10 lr=0.0001 step 25: eval de=+13.28 en=+0.001 rom=+0.698 | dev de=+11.86 rom=+0.536
[german-vpd] lora english_only B=512 l=10 lr=0.0001 step 50: eval de=+23.89 en=+0.004 rom=+0.752 | dev de=+23.10 rom=+0.631
[german-vpd] lora english_only B=512 l=10 lr=0.0001 step 100: eval de=+24.54 en=+0.003 rom=+0.708 | dev de=+23.83 rom=+0.590
[german-vpd] lora english_only B=512 l=10 lr=0.0001 step 200: eval de=+24.40 en=+0.003 rom=+0.669 | dev de=+23.70 rom=+0.564
[german-vpd] lora english_only B=512 l=10 lr=0.0003 step 25: eval de=+27.28 en=+0.011 rom=+1.292 | dev de=+27.18 rom=+1.195
[german-vpd] lora english_only B=512 l=10 lr=0.0003 step 50: eval de=+28.27 en=+0.012 rom=+1.717 | dev de=+28.18 rom=+1.596
[german-vpd] lora english_only B=512 l=10 lr=0.0003 step 100: eval de=+28.33 en=+0.012 rom=+1.664 | dev de=+28.24 rom=+1.541
[german-vpd] lora english_only B=512 l=10 lr=0.0003 step 200: eval de=+28.29 en=+0.010 rom=+1.576 | dev de=+28.21 rom=+1.465
[german-vpd] lora english_only B=512 l=10 lr=0.001 step 25: eval de=+23.72 en=+0.103 rom=+12.805 | dev de=+23.29 rom=+13.767
[german-vpd] lora english_only B=512 l=10 lr=0.001 step 50: eval de=+24.32 en=+0.099 rom=+13.593 | dev de=+23.89 rom=+14.445
[german-vpd] lora english_only B=512 l=10 lr=0.001 step 100: eval de=+24.42 en=+0.076 rom=+12.139 | dev de=+24.00 rom=+12.835
[german-vpd] component english_only B=2048 l=10 lr=0.3 step 800: eval de=+9.59 en=+0.015 rom=+0.594 | dev de=+9.85 rom=+0.761
[german-vpd] lora english_only B=512 l=10 lr=0.001 step 200: eval de=+24.74 en=+0.055 rom=+10.042 | dev de=+24.33 rom=+10.524
[german-vpd] lora english_only B=512 l=10 lr=0.003 step 25: eval de=+22.24 en=+0.100 rom=+3.813 | dev de=+22.22 rom=+3.758
[german-vpd] lora english_only B=512 l=10 lr=0.003 step 50: eval de=+20.72 en=+0.090 rom=+2.948 | dev de=+20.69 rom=+2.891
[german-vpd] component english_only B=2048 l=100 lr=0.1 step 25: eval de=+0.30 en=+0.015 rom=+0.222 | dev de=+0.26 rom=+0.229
[german-vpd] lora english_only B=512 l=10 lr=0.003 step 100: eval de=+21.64 en=+0.083 rom=+2.821 | dev de=+21.61 rom=+2.758
[german-vpd] component english_only B=2048 l=100 lr=0.1 step 50: eval de=+0.31 en=+0.011 rom=+0.153 | dev de=+0.25 rom=+0.155
[german-vpd] lora english_only B=512 l=10 lr=0.003 step 200: eval de=+21.91 en=+0.082 rom=+2.792 | dev de=+21.85 rom=+2.688
[german-vpd] lora english_only B=512 l=100 lr=0.0001 step 25: eval de=+17.31 en=+0.003 rom=+0.416 | dev de=+16.42 rom=+0.341
[german-vpd] component english_only B=2048 l=100 lr=0.1 step 100: eval de=+3.31 en=+0.012 rom=+0.097 | dev de=+3.89 rom=+0.091
[german-vpd] lora english_only B=512 l=100 lr=0.0001 step 50: eval de=+23.94 en=+0.004 rom=+0.505 | dev de=+23.53 rom=+0.419
[german-vpd] lora english_only B=512 l=100 lr=0.0001 step 100: eval de=+24.28 en=+0.003 rom=+0.498 | dev de=+23.90 rom=+0.412
[german-vpd] component english_only B=2048 l=100 lr=0.1 step 200: eval de=+8.77 en=+0.013 rom=+0.086 | dev de=+9.56 rom=+0.072
[german-vpd] lora english_only B=512 l=100 lr=0.0001 step 200: eval de=+24.02 en=+0.003 rom=+0.475 | dev de=+23.64 rom=+0.394
[german-vpd] lora english_only B=512 l=100 lr=0.0003 step 25: eval de=+29.96 en=+0.011 rom=+1.332 | dev de=+29.94 rom=+1.194
[german-vpd] lora english_only B=512 l=100 lr=0.0003 step 50: eval de=+30.82 en=+0.012 rom=+1.937 | dev de=+30.80 rom=+1.754
[german-vpd] lora english_only B=512 l=100 lr=0.0003 step 100: eval de=+30.88 en=+0.010 rom=+1.826 | dev de=+30.87 rom=+1.650
[german-vpd] lora english_only B=512 l=100 lr=0.0003 step 200: eval de=+30.87 en=+0.008 rom=+1.594 | dev de=+30.89 rom=+1.421
[german-vpd] component english_only B=2048 l=100 lr=0.1 step 400: eval de=+8.72 en=+0.012 rom=+0.070 | dev de=+9.47 rom=+0.046
[german-vpd] lora english_only B=512 l=100 lr=0.001 step 25: eval de=+30.51 en=+0.060 rom=+13.989 | dev de=+30.18 rom=+14.475
[german-vpd] lora english_only B=512 l=100 lr=0.001 step 50: eval de=+31.35 en=+0.050 rom=+12.841 | dev de=+31.01 rom=+13.158
[german-vpd] lora english_only B=512 l=100 lr=0.001 step 100: eval de=+31.28 en=+0.037 rom=+10.341 | dev de=+30.97 rom=+10.423
[german-vpd] lora english_only B=512 l=100 lr=0.001 step 200: eval de=+31.31 en=+0.030 rom=+8.440 | dev de=+31.04 rom=+8.300
[german-vpd] lora english_only B=512 l=100 lr=0.003 step 25: eval de=+18.41 en=+0.085 rom=+3.310 | dev de=+18.54 rom=+3.939
[german-vpd] lora english_only B=512 l=100 lr=0.003 step 50: eval de=+17.98 en=+0.085 rom=+3.402 | dev de=+18.11 rom=+3.958
[german-vpd] lora english_only B=512 l=100 lr=0.003 step 100: eval de=+18.12 en=+0.076 rom=+2.685 | dev de=+18.39 rom=+3.287
[german-vpd] lora english_only B=512 l=100 lr=0.003 step 200: eval de=+18.78 en=+0.066 rom=+2.033 | dev de=+19.23 rom=+2.578
[german-vpd] component english_only B=2048 l=100 lr=0.1 step 800: eval de=+8.68 en=+0.013 rom=+0.069 | dev de=+9.42 rom=+0.041
[german-vpd] component english_only B=2048 l=100 lr=0.3 step 25: eval de=+0.33 en=+0.006 rom=+0.102 | dev de=+0.27 rom=+0.101
[german-vpd] component english_only B=2048 l=100 lr=0.3 step 50: eval de=+5.66 en=+0.011 rom=+0.077 | dev de=+6.53 rom=+0.055
[german-vpd] component english_only B=2048 l=100 lr=0.3 step 100: eval de=+8.90 en=+0.016 rom=+0.085 | dev de=+9.69 rom=+0.059
[german-vpd] component english_only B=2048 l=100 lr=0.3 step 200: eval de=+8.75 en=+0.013 rom=+0.071 | dev de=+9.50 rom=+0.046
[german-vpd] component english_only B=2048 l=100 lr=0.3 step 400: eval de=+8.69 en=+0.013 rom=+0.068 | dev de=+9.42 rom=+0.040
[german-vpd] component english_only B=2048 l=100 lr=0.3 step 800: eval de=+8.72 en=+0.012 rom=+0.067 | dev de=+9.44 rom=+0.043
[german-vpd] component english_only B=512 l=10 lr=0.1 step 25: eval de=+0.59 en=+0.024 rom=+0.320 | dev de=+0.55 rom=+0.352
[german-vpd] component english_only B=512 l=10 lr=0.1 step 50: eval de=+2.17 en=+0.028 rom=+1.052 | dev de=+1.99 rom=+1.630
[german-vpd] component english_only B=512 l=10 lr=0.1 step 100: eval de=+8.54 en=+0.035 rom=+4.245 | dev de=+7.72 rom=+6.306
[german-vpd] component english_only B=512 l=10 lr=0.1 step 200: eval de=+9.00 en=+0.029 rom=+3.394 | dev de=+8.38 rom=+5.099
[german-vpd] component english_only B=512 l=10 lr=0.1 step 400: eval de=+8.30 en=+0.019 rom=+2.296 | dev de=+7.79 rom=+3.330
[german-vpd] component english_only B=512 l=10 lr=0.1 step 800: eval de=+8.41 en=+0.013 rom=+1.233 | dev de=+8.25 rom=+1.616
[german-vpd] component english_only B=512 l=10 lr=0.3 step 25: eval de=+6.84 en=+0.044 rom=+4.319 | dev de=+5.72 rom=+6.113
[german-vpd] component english_only B=512 l=10 lr=0.3 step 50: eval de=+8.89 en=+0.040 rom=+4.446 | dev de=+8.29 rom=+6.683
[german-vpd] component english_only B=512 l=10 lr=0.3 step 100: eval de=+9.15 en=+0.033 rom=+3.429 | dev de=+8.63 rom=+5.132
[german-vpd] component english_only B=512 l=10 lr=0.3 step 200: eval de=+7.70 en=+0.019 rom=+2.064 | dev de=+7.19 rom=+2.950
[german-vpd] component english_only B=512 l=10 lr=0.3 step 400: eval de=+7.55 en=+0.014 rom=+0.920 | dev de=+7.58 rom=+1.119
[german-vpd] component english_only B=512 l=10 lr=0.3 step 800: eval de=+8.56 en=+0.013 rom=+0.329 | dev de=+8.97 rom=+0.408
[german-vpd] component english_only B=512 l=100 lr=0.1 step 25: eval de=+0.29 en=+0.016 rom=+0.220 | dev de=+0.25 rom=+0.228
[german-vpd] component english_only B=512 l=100 lr=0.1 step 50: eval de=+0.26 en=+0.009 rom=+0.152 | dev de=+0.21 rom=+0.154
[german-vpd] component english_only B=512 l=100 lr=0.1 step 100: eval de=+2.34 en=+0.009 rom=+0.088 | dev de=+2.69 rom=+0.087
[german-vpd] component english_only B=512 l=100 lr=0.1 step 200: eval de=+8.26 en=+0.012 rom=+0.076 | dev de=+9.07 rom=+0.057
[german-vpd] component english_only B=512 l=100 lr=0.1 step 400: eval de=+8.25 en=+0.012 rom=+0.065 | dev de=+9.03 rom=+0.038
[german-vpd] component english_only B=512 l=100 lr=0.1 step 800: eval de=+8.25 en=+0.013 rom=+0.061 | dev de=+9.03 rom=+0.034
[german-vpd] component english_only B=512 l=100 lr=0.3 step 25: eval de=+0.22 en=+0.007 rom=+0.097 | dev de=+0.17 rom=+0.099
[german-vpd] component english_only B=512 l=100 lr=0.3 step 50: eval de=+4.71 en=+0.009 rom=+0.058 | dev de=+5.49 rom=+0.046
[german-vpd] component english_only B=512 l=100 lr=0.3 step 100: eval de=+8.56 en=+0.013 rom=+0.078 | dev de=+9.32 rom=+0.049
[german-vpd] component english_only B=512 l=100 lr=0.3 step 200: eval de=+8.25 en=+0.012 rom=+0.064 | dev de=+9.04 rom=+0.036
[german-vpd] component english_only B=512 l=100 lr=0.3 step 400: eval de=+8.27 en=+0.012 rom=+0.062 | dev de=+9.06 rom=+0.036
[german-vpd] component english_only B=512 l=100 lr=0.3 step 800: eval de=+8.26 en=+0.013 rom=+0.062 | dev de=+9.03 rom=+0.034
[german-vpd] wrote /dev/shm/geo1b/run1b_streamC4096/fair_english_only_2048_512.json (112 frontier points)
