[german-vpd] reusing cached protocol data /dev/shm/geo1b/run1b_streamC4096/german_vpd_data.pt
[german-vpd] materialized components [3634]: 16/112 matrices
[german-vpd] materialized components [3634]: 32/112 matrices
[german-vpd] materialized components [3634]: 48/112 matrices
[german-vpd] materialized components [3634]: 64/112 matrices
[german-vpd] materialized components [3634]: 80/112 matrices
[german-vpd] materialized components [3634]: 96/112 matrices
[german-vpd] materialized components [3634]: 112/112 matrices
[german-vpd] lora multilingual B=64 l=10 lr=0.0001 step 25: eval de=+0.16 en=+0.001 rom=+0.117 | dev de=+0.11 rom=+0.100
[german-vpd] component multilingual B=64 l=10 lr=0.1 step 25: eval de=+0.35 en=+0.016 rom=+0.219 | dev de=+0.30 rom=+0.229
[german-vpd] lora multilingual B=64 l=10 lr=0.0001 step 50: eval de=+0.38 en=+0.003 rom=+0.192 | dev de=+0.29 rom=+0.173
[german-vpd] component multilingual B=64 l=10 lr=0.1 step 50: eval de=+0.51 en=+0.011 rom=+0.155 | dev de=+0.44 rom=+0.160
[german-vpd] lora multilingual B=64 l=10 lr=0.0001 step 100: eval de=+0.23 en=-0.000 rom=+0.068 | dev de=+0.19 rom=+0.076
[german-vpd] component multilingual B=64 l=10 lr=0.1 step 100: eval de=+5.26 en=+0.015 rom=+0.118 | dev de=+6.15 rom=+0.112
[german-vpd] lora multilingual B=64 l=10 lr=0.0001 step 200: eval de=+0.18 en=-0.000 rom=+0.033 | dev de=+0.16 rom=+0.042
[german-vpd] component multilingual B=64 l=10 lr=0.1 step 200: eval de=+6.57 en=+0.009 rom=+0.057 | dev de=+7.53 rom=+0.038
[german-vpd] lora multilingual B=64 l=10 lr=0.0003 step 25: eval de=+0.47 en=+0.001 rom=+0.088 | dev de=+0.41 rom=+0.082
[german-vpd] lora multilingual B=64 l=10 lr=0.0003 step 50: eval de=+0.48 en=-0.000 rom=+0.078 | dev de=+0.43 rom=+0.077
[german-vpd] lora multilingual B=64 l=10 lr=0.0003 step 100: eval de=+0.40 en=-0.000 rom=+0.026 | dev de=+0.37 rom=+0.030
[german-vpd] component multilingual B=64 l=10 lr=0.1 step 400: eval de=+6.80 en=+0.010 rom=+0.049 | dev de=+7.72 rom=+0.024
[german-vpd] lora multilingual B=64 l=10 lr=0.0003 step 200: eval de=+0.36 en=-0.001 rom=+0.019 | dev de=+0.33 rom=+0.022
[german-vpd] lora multilingual B=64 l=10 lr=0.001 step 25: eval de=+4.09 en=+0.003 rom=+0.091 | dev de=+5.19 rom=+0.076
[german-vpd] lora multilingual B=64 l=10 lr=0.001 step 50: eval de=+4.15 en=+0.002 rom=+0.040 | dev de=+5.15 rom=+0.036
[german-vpd] lora multilingual B=64 l=10 lr=0.001 step 100: eval de=+3.76 en=+0.001 rom=+0.031 | dev de=+4.53 rom=+0.022
[german-vpd] lora multilingual B=64 l=10 lr=0.001 step 200: eval de=+3.31 en=-0.000 rom=+0.026 | dev de=+3.74 rom=+0.019
[german-vpd] lora multilingual B=64 l=10 lr=0.003 step 25: eval de=+8.13 en=+0.033 rom=+0.140 | dev de=+8.27 rom=+0.074
[german-vpd] lora multilingual B=64 l=10 lr=0.003 step 50: eval de=+8.54 en=+0.025 rom=+0.013 | dev de=+8.59 rom=-0.002
[german-vpd] lora multilingual B=64 l=10 lr=0.003 step 100: eval de=+8.49 en=+0.017 rom=+0.001 | dev de=+8.56 rom=-0.000
[german-vpd] component multilingual B=64 l=10 lr=0.1 step 800: eval de=+6.80 en=+0.010 rom=+0.044 | dev de=+7.66 rom=+0.020
[german-vpd] component multilingual B=64 l=10 lr=0.3 step 25: eval de=+0.74 en=+0.009 rom=+0.103 | dev de=+0.68 rom=+0.103
[german-vpd] component multilingual B=64 l=10 lr=0.3 step 50: eval de=+6.88 en=+0.015 rom=+0.119 | dev de=+7.83 rom=+0.071
[german-vpd] lora multilingual B=64 l=10 lr=0.003 step 200: eval de=+8.32 en=+0.013 rom=-0.012 | dev de=+8.38 rom=-0.013
[german-vpd] lora multilingual B=64 l=100 lr=0.0001 step 25: eval de=+0.51 en=-0.002 rom=+0.027 | dev de=+0.49 rom=+0.021
[german-vpd] component multilingual B=64 l=10 lr=0.3 step 100: eval de=+7.36 en=+0.011 rom=+0.067 | dev de=+8.29 rom=+0.036
[german-vpd] lora multilingual B=64 l=100 lr=0.0001 step 50: eval de=+0.67 en=-0.003 rom=+0.011 | dev de=+0.66 rom=+0.012
[german-vpd] lora multilingual B=64 l=100 lr=0.0001 step 100: eval de=+0.66 en=-0.001 rom=+0.008 | dev de=+0.66 rom=+0.005
[german-vpd] component multilingual B=64 l=10 lr=0.3 step 200: eval de=+6.81 en=+0.010 rom=+0.050 | dev de=+7.73 rom=+0.024
[german-vpd] lora multilingual B=64 l=100 lr=0.0001 step 200: eval de=+0.63 en=-0.000 rom=+0.010 | dev de=+0.64 rom=+0.007
[german-vpd] lora multilingual B=64 l=100 lr=0.0003 step 25: eval de=+1.97 en=-0.001 rom=+0.029 | dev de=+2.07 rom=+0.026
[german-vpd] lora multilingual B=64 l=100 lr=0.0003 step 50: eval de=+2.24 en=-0.001 rom=+0.017 | dev de=+2.42 rom=+0.014
[german-vpd] component multilingual B=64 l=10 lr=0.3 step 400: eval de=+6.83 en=+0.010 rom=+0.045 | dev de=+7.69 rom=+0.023
[german-vpd] lora multilingual B=64 l=100 lr=0.0003 step 100: eval de=+2.11 en=-0.001 rom=+0.012 | dev de=+2.24 rom=+0.010
[german-vpd] lora multilingual B=64 l=100 lr=0.0003 step 200: eval de=+1.90 en=-0.001 rom=+0.011 | dev de=+2.01 rom=+0.008
[german-vpd] lora multilingual B=64 l=100 lr=0.001 step 25: eval de=+5.25 en=+0.001 rom=+0.042 | dev de=+5.42 rom=+0.017
[german-vpd] lora multilingual B=64 l=100 lr=0.001 step 50: eval de=+4.68 en=+0.003 rom=+0.039 | dev de=+4.84 rom=+0.023
[german-vpd] lora multilingual B=64 l=100 lr=0.001 step 100: eval de=+3.67 en=+0.002 rom=+0.002 | dev de=+3.81 rom=-0.006
[german-vpd] lora multilingual B=64 l=100 lr=0.001 step 200: eval de=+3.14 en=+0.001 rom=+0.010 | dev de=+3.26 rom=-0.000
[german-vpd] lora multilingual B=64 l=100 lr=0.003 step 25: eval de=+8.78 en=+0.044 rom=+0.013 | dev de=+8.74 rom=-0.003
[german-vpd] component multilingual B=64 l=10 lr=0.3 step 800: eval de=+6.87 en=+0.011 rom=+0.047 | dev de=+7.70 rom=+0.022
[german-vpd] lora multilingual B=64 l=100 lr=0.003 step 50: eval de=+9.87 en=+0.034 rom=+0.021 | dev de=+9.83 rom=-0.001
[german-vpd] component multilingual B=64 l=100 lr=0.1 step 25: eval de=+0.27 en=+0.014 rom=+0.213 | dev de=+0.24 rom=+0.221
[german-vpd] lora multilingual B=64 l=100 lr=0.003 step 100: eval de=+9.83 en=+0.027 rom=+0.008 | dev de=+9.90 rom=+0.005
[german-vpd] component multilingual B=64 l=100 lr=0.1 step 50: eval de=+0.17 en=+0.009 rom=+0.144 | dev de=+0.14 rom=+0.145
[german-vpd] component multilingual B=64 l=100 lr=0.1 step 100: eval de=+0.06 en=+0.003 rom=+0.054 | dev de=+0.05 rom=+0.064
[german-vpd] lora multilingual B=64 l=100 lr=0.003 step 200: eval de=+9.32 en=+0.022 rom=+0.007 | dev de=+9.44 rom=+0.016
[german-vpd] lora multilingual B=8 l=10 lr=0.0001 step 25: eval de=+0.12 en=+0.001 rom=+0.000 | dev de=+0.09 rom=+0.002
[german-vpd] lora multilingual B=8 l=10 lr=0.0001 step 50: eval de=+0.14 en=+0.001 rom=+0.006 | dev de=+0.11 rom=+0.002
[german-vpd] component multilingual B=64 l=100 lr=0.1 step 200: eval de=+0.00 en=+0.001 rom=+0.004 | dev de=+0.00 rom=+0.010
[german-vpd] lora multilingual B=8 l=10 lr=0.0001 step 100: eval de=+0.14 en=+0.001 rom=+0.003 | dev de=+0.11 rom=+0.002
[german-vpd] lora multilingual B=8 l=10 lr=0.0001 step 200: eval de=+0.14 en=+0.002 rom=+0.004 | dev de=+0.11 rom=-0.000
[german-vpd] lora multilingual B=8 l=10 lr=0.0003 step 25: eval de=+0.39 en=+0.002 rom=+0.018 | dev de=+0.35 rom=+0.010
[german-vpd] lora multilingual B=8 l=10 lr=0.0003 step 50: eval de=+0.44 en=+0.002 rom=+0.004 | dev de=+0.41 rom=+0.000
[german-vpd] component multilingual B=64 l=100 lr=0.1 step 400: eval de=+0.00 en=-0.000 rom=+0.002 | dev de=-0.00 rom=+0.001
[german-vpd] lora multilingual B=8 l=10 lr=0.0003 step 100: eval de=+0.44 en=-0.000 rom=+0.007 | dev de=+0.41 rom=+0.001
[german-vpd] lora multilingual B=8 l=10 lr=0.0003 step 200: eval de=+0.43 en=+0.001 rom=+0.006 | dev de=+0.41 rom=+0.001
[german-vpd] lora multilingual B=8 l=10 lr=0.001 step 25: eval de=+1.66 en=+0.005 rom=+0.034 | dev de=+1.71 rom=+0.007
[german-vpd] lora multilingual B=8 l=10 lr=0.001 step 50: eval de=+1.90 en=+0.007 rom=+0.100 | dev de=+1.92 rom=+0.056
[german-vpd] lora multilingual B=8 l=10 lr=0.001 step 100: eval de=+1.66 en=+0.006 rom=+0.009 | dev de=+1.74 rom=-0.004
[german-vpd] lora multilingual B=8 l=10 lr=0.001 step 200: eval de=+1.53 en=+0.004 rom=+0.008 | dev de=+1.61 rom=-0.005
[german-vpd] lora multilingual B=8 l=10 lr=0.003 step 25: eval de=+6.97 en=+0.069 rom=+0.156 | dev de=+7.19 rom=+0.089
[german-vpd] lora multilingual B=8 l=10 lr=0.003 step 50: eval de=+6.12 en=+0.039 rom=+0.018 | dev de=+6.41 rom=+0.004
[german-vpd] component multilingual B=64 l=100 lr=0.1 step 800: eval de=+0.00 en=+0.000 rom=+0.002 | dev de=-0.00 rom=+0.002
[german-vpd] component multilingual B=64 l=100 lr=0.3 step 25: eval de=+0.09 en=+0.005 rom=+0.085 | dev de=+0.07 rom=+0.091
[german-vpd] lora multilingual B=8 l=10 lr=0.003 step 100: eval de=+5.71 en=+0.032 rom=+0.034 | dev de=+6.00 rom=+0.005
[german-vpd] component multilingual B=64 l=100 lr=0.3 step 50: eval de=+0.01 en=+0.001 rom=+0.010 | dev de=+0.01 rom=+0.014
[german-vpd] lora multilingual B=8 l=10 lr=0.003 step 200: eval de=+5.18 en=+0.027 rom=+0.027 | dev de=+5.48 rom=+0.003
[german-vpd] component multilingual B=64 l=100 lr=0.3 step 100: eval de=-0.00 en=-0.000 rom=+0.003 | dev de=-0.00 rom=+0.004
[german-vpd] lora multilingual B=8 l=100 lr=0.0001 step 25: eval de=+0.09 en=+0.001 rom=+0.001 | dev de=+0.06 rom=+0.003
[german-vpd] lora multilingual B=8 l=100 lr=0.0001 step 50: eval de=+0.11 en=+0.001 rom=+0.009 | dev de=+0.08 rom=+0.003
[german-vpd] lora multilingual B=8 l=100 lr=0.0001 step 100: eval de=+0.11 en=+0.001 rom=+0.005 | dev de=+0.08 rom=-0.001
[german-vpd] component multilingual B=64 l=100 lr=0.3 step 200: eval de=-0.00 en=-0.001 rom=+0.000 | dev de=-0.00 rom=+0.001
[german-vpd] lora multilingual B=8 l=100 lr=0.0001 step 200: eval de=+0.11 en=+0.001 rom=+0.007 | dev de=+0.09 rom=+0.002
[german-vpd] lora multilingual B=8 l=100 lr=0.0003 step 25: eval de=+0.34 en=+0.002 rom=+0.014 | dev de=+0.31 rom=+0.006
[german-vpd] lora multilingual B=8 l=100 lr=0.0003 step 50: eval de=+0.39 en=+0.002 rom=+0.012 | dev de=+0.36 rom=+0.002
[german-vpd] lora multilingual B=8 l=100 lr=0.0003 step 100: eval de=+0.38 en=+0.002 rom=+0.009 | dev de=+0.36 rom=+0.001
[german-vpd] component multilingual B=64 l=100 lr=0.3 step 400: eval de=+0.00 en=-0.001 rom=+0.002 | dev de=+0.00 rom=+0.001
[german-vpd] lora multilingual B=8 l=100 lr=0.0003 step 200: eval de=+0.37 en=+0.001 rom=+0.005 | dev de=+0.35 rom=+0.002
[german-vpd] lora multilingual B=8 l=100 lr=0.001 step 25: eval de=+1.24 en=+0.009 rom=-0.016 | dev de=+1.27 rom=-0.012
[german-vpd] lora multilingual B=8 l=100 lr=0.001 step 50: eval de=+1.30 en=+0.008 rom=+0.010 | dev de=+1.32 rom=+0.003
[german-vpd] lora multilingual B=8 l=100 lr=0.001 step 100: eval de=+1.23 en=+0.005 rom=+0.006 | dev de=+1.25 rom=-0.003
[german-vpd] lora multilingual B=8 l=100 lr=0.001 step 200: eval de=+1.10 en=+0.005 rom=+0.006 | dev de=+1.12 rom=-0.001
[german-vpd] lora multilingual B=8 l=100 lr=0.003 step 25: eval de=+3.91 en=+0.046 rom=+0.001 | dev de=+4.02 rom=-0.013
[german-vpd] lora multilingual B=8 l=100 lr=0.003 step 50: eval de=+3.92 en=+0.045 rom=+0.000 | dev de=+4.13 rom=-0.009
[german-vpd] lora multilingual B=8 l=100 lr=0.003 step 100: eval de=+3.82 en=+0.033 rom=+0.002 | dev de=+4.00 rom=-0.002
[german-vpd] component multilingual B=64 l=100 lr=0.3 step 800: eval de=+0.00 en=+0.000 rom=+0.003 | dev de=-0.00 rom=+0.001
[german-vpd] component multilingual B=8 l=10 lr=0.1 step 25: eval de=+0.42 en=+0.018 rom=+0.222 | dev de=+0.37 rom=+0.236
[german-vpd] lora multilingual B=8 l=100 lr=0.003 step 200: eval de=+3.20 en=+0.023 rom=-0.009 | dev de=+3.38 rom=-0.023
[german-vpd] component multilingual B=8 l=10 lr=0.1 step 50: eval de=+0.82 en=+0.012 rom=+0.166 | dev de=+0.78 rom=+0.175
[german-vpd] component multilingual B=8 l=10 lr=0.1 step 100: eval de=+3.67 en=+0.015 rom=+0.108 | dev de=+4.28 rom=+0.121
[german-vpd] component multilingual B=8 l=10 lr=0.1 step 200: eval de=+2.93 en=+0.008 rom=+0.036 | dev de=+3.45 rom=+0.028
[german-vpd] component multilingual B=8 l=10 lr=0.1 step 400: eval de=+3.04 en=+0.008 rom=+0.026 | dev de=+3.54 rom=+0.010
[german-vpd] component multilingual B=8 l=10 lr=0.1 step 800: eval de=+3.39 en=+0.008 rom=+0.026 | dev de=+3.93 rom=+0.009
[german-vpd] component multilingual B=8 l=10 lr=0.3 step 25: eval de=+1.46 en=+0.013 rom=+0.122 | dev de=+1.58 rom=+0.133
[german-vpd] component multilingual B=8 l=10 lr=0.3 step 50: eval de=+5.16 en=+0.015 rom=+0.082 | dev de=+6.01 rom=+0.077
[german-vpd] component multilingual B=8 l=10 lr=0.3 step 100: eval de=+4.34 en=+0.011 rom=+0.034 | dev de=+5.15 rom=+0.018
[german-vpd] component multilingual B=8 l=10 lr=0.3 step 200: eval de=+3.57 en=+0.008 rom=+0.029 | dev de=+4.18 rom=+0.014
[german-vpd] component multilingual B=8 l=10 lr=0.3 step 400: eval de=+3.89 en=+0.008 rom=+0.029 | dev de=+4.51 rom=+0.011
[german-vpd] component multilingual B=8 l=10 lr=0.3 step 800: eval de=+3.46 en=+0.007 rom=+0.026 | dev de=+4.01 rom=+0.013
[german-vpd] component multilingual B=8 l=100 lr=0.1 step 25: eval de=+0.28 en=+0.014 rom=+0.213 | dev de=+0.24 rom=+0.220
[german-vpd] component multilingual B=8 l=100 lr=0.1 step 50: eval de=+0.18 en=+0.010 rom=+0.140 | dev de=+0.15 rom=+0.146
[german-vpd] component multilingual B=8 l=100 lr=0.1 step 100: eval de=+0.09 en=+0.004 rom=+0.054 | dev de=+0.07 rom=+0.064
[german-vpd] component multilingual B=8 l=100 lr=0.1 step 200: eval de=+0.04 en=+0.004 rom=+0.011 | dev de=+0.03 rom=+0.011
[german-vpd] component multilingual B=8 l=100 lr=0.1 step 400: eval de=+0.00 en=-0.001 rom=+0.006 | dev de=+0.00 rom=+0.004
[german-vpd] component multilingual B=8 l=100 lr=0.1 step 800: eval de=+0.00 en=+0.001 rom=+0.006 | dev de=+0.00 rom=+0.003
[german-vpd] component multilingual B=8 l=100 lr=0.3 step 25: eval de=+0.10 en=+0.005 rom=+0.083 | dev de=+0.08 rom=+0.091
[german-vpd] component multilingual B=8 l=100 lr=0.3 step 50: eval de=+0.01 en=+0.002 rom=+0.013 | dev de=+0.01 rom=+0.016
[german-vpd] component multilingual B=8 l=100 lr=0.3 step 100: eval de=+0.00 en=-0.000 rom=+0.003 | dev de=+0.00 rom=+0.002
[german-vpd] component multilingual B=8 l=100 lr=0.3 step 200: eval de=+0.00 en=+0.001 rom=+0.005 | dev de=+0.00 rom=+0.005
[german-vpd] component multilingual B=8 l=100 lr=0.3 step 400: eval de=+0.00 en=-0.001 rom=+0.005 | dev de=+0.00 rom=+0.005
[german-vpd] component multilingual B=8 l=100 lr=0.3 step 800: eval de=+0.01 en=-0.001 rom=+0.005 | dev de=+0.00 rom=+0.003
[german-vpd] wrote /dev/shm/geo1b/run1b_streamC4096/fair_multilingual_64_8.json (112 frontier points)
