[german-vpd] reusing cached protocol data /dev/shm/geo1b/run1b_streamC4096/german_vpd_data.pt
[german-vpd] materialized components [3634]: 16/112 matrices
[german-vpd] materialized components [3634]: 32/112 matrices
[german-vpd] materialized components [3634]: 48/112 matrices
[german-vpd] materialized components [3634]: 64/112 matrices
[german-vpd] materialized components [3634]: 80/112 matrices
[german-vpd] materialized components [3634]: 96/112 matrices
[german-vpd] materialized components [3634]: 112/112 matrices
[german-vpd] component multilingual B=2048 l=10 lr=0.1 step 25: eval de=+0.34 en=+0.016 rom=+0.219 | dev de=+0.29 rom=+0.227
[german-vpd] lora multilingual B=2048 l=10 lr=0.0001 step 25: eval de=+0.47 en=-0.001 rom=+0.304 | dev de=+0.20 rom=+0.216
[german-vpd] lora multilingual B=2048 l=10 lr=0.0001 step 50: eval de=+1.12 en=+0.001 rom=+0.589 | dev de=+0.52 rom=+0.427
[german-vpd] component multilingual B=2048 l=10 lr=0.1 step 50: eval de=+0.44 en=+0.012 rom=+0.157 | dev de=+0.37 rom=+0.158
[german-vpd] lora multilingual B=2048 l=10 lr=0.0001 step 100: eval de=+11.61 en=+0.005 rom=+0.954 | dev de=+9.11 rom=+0.763
[german-vpd] component multilingual B=2048 l=10 lr=0.1 step 100: eval de=+3.69 en=+0.014 rom=+0.109 | dev de=+4.33 rom=+0.099
[german-vpd] lora multilingual B=2048 l=10 lr=0.0001 step 200: eval de=+11.48 en=+0.001 rom=+0.213 | dev de=+9.41 rom=+0.200
[german-vpd] component multilingual B=2048 l=10 lr=0.1 step 200: eval de=+8.83 en=+0.014 rom=+0.113 | dev de=+9.66 rom=+0.093
[german-vpd] lora multilingual B=2048 l=10 lr=0.0003 step 25: eval de=+10.57 en=+0.005 rom=+0.715 | dev de=+8.58 rom=+0.580
[german-vpd] lora multilingual B=2048 l=10 lr=0.0003 step 50: eval de=+28.12 en=+0.005 rom=+0.290 | dev de=+26.62 rom=+0.261
[german-vpd] lora multilingual B=2048 l=10 lr=0.0003 step 100: eval de=+28.34 en=+0.003 rom=+0.167 | dev de=+26.85 rom=+0.154
[german-vpd] component multilingual B=2048 l=10 lr=0.1 step 400: eval de=+8.72 en=+0.014 rom=+0.083 | dev de=+9.53 rom=+0.052
[german-vpd] lora multilingual B=2048 l=10 lr=0.0003 step 200: eval de=+27.11 en=+0.002 rom=+0.113 | dev de=+25.47 rom=+0.106
[german-vpd] lora multilingual B=2048 l=10 lr=0.001 step 25: eval de=+41.89 en=+0.012 rom=+0.240 | dev de=+41.45 rom=+0.219
[german-vpd] lora multilingual B=2048 l=10 lr=0.001 step 50: eval de=+44.06 en=+0.009 rom=+0.153 | dev de=+43.58 rom=+0.138
[german-vpd] lora multilingual B=2048 l=10 lr=0.001 step 100: eval de=+44.35 en=+0.006 rom=+0.089 | dev de=+43.95 rom=+0.089
[german-vpd] lora multilingual B=2048 l=10 lr=0.001 step 200: eval de=+44.43 en=+0.003 rom=+0.069 | dev de=+44.09 rom=+0.067
[german-vpd] lora multilingual B=2048 l=10 lr=0.003 step 25: eval de=+65.19 en=+0.028 rom=+0.068 | dev de=+65.00 rom=+0.030
[german-vpd] lora multilingual B=2048 l=10 lr=0.003 step 50: eval de=+65.90 en=+0.025 rom=+0.001 | dev de=+65.78 rom=-0.006
[german-vpd] lora multilingual B=2048 l=10 lr=0.003 step 100: eval de=+65.87 en=+0.019 rom=+0.015 | dev de=+65.66 rom=+0.012
[german-vpd] component multilingual B=2048 l=10 lr=0.1 step 800: eval de=+8.67 en=+0.013 rom=+0.067 | dev de=+9.41 rom=+0.039
[german-vpd] lora multilingual B=2048 l=10 lr=0.003 step 200: eval de=+65.81 en=+0.015 rom=-0.011 | dev de=+65.57 rom=-0.011
[german-vpd] component multilingual B=2048 l=10 lr=0.3 step 25: eval de=+0.61 en=+0.010 rom=+0.105 | dev de=+0.53 rom=+0.105
[german-vpd] lora multilingual B=2048 l=100 lr=0.0001 step 25: eval de=+9.74 en=+0.001 rom=+0.081 | dev de=+8.24 rom=+0.060
[german-vpd] component multilingual B=2048 l=10 lr=0.3 step 50: eval de=+4.67 en=+0.016 rom=+0.103 | dev de=+5.37 rom=+0.062
[german-vpd] lora multilingual B=2048 l=100 lr=0.0001 step 50: eval de=+26.81 en=+0.005 rom=+0.038 | dev de=+25.48 rom=+0.028
[german-vpd] component multilingual B=2048 l=10 lr=0.3 step 100: eval de=+8.84 en=+0.017 rom=+0.115 | dev de=+9.70 rom=+0.082
[german-vpd] lora multilingual B=2048 l=100 lr=0.0001 step 100: eval de=+28.13 en=+0.003 rom=+0.036 | dev de=+26.92 rom=+0.031
[german-vpd] lora multilingual B=2048 l=100 lr=0.0001 step 200: eval de=+27.78 en=+0.002 rom=+0.030 | dev de=+26.52 rom=+0.022
[german-vpd] component multilingual B=2048 l=10 lr=0.3 step 200: eval de=+8.75 en=+0.014 rom=+0.081 | dev de=+9.55 rom=+0.055
[german-vpd] lora multilingual B=2048 l=100 lr=0.0003 step 25: eval de=+38.91 en=+0.005 rom=+0.054 | dev de=+38.83 rom=+0.047
[german-vpd] lora multilingual B=2048 l=100 lr=0.0003 step 50: eval de=+41.63 en=+0.006 rom=+0.050 | dev de=+41.45 rom=+0.045
[german-vpd] lora multilingual B=2048 l=100 lr=0.0003 step 100: eval de=+42.16 en=+0.004 rom=+0.041 | dev de=+42.00 rom=+0.033
[german-vpd] lora multilingual B=2048 l=100 lr=0.0003 step 200: eval de=+42.50 en=+0.002 rom=+0.034 | dev de=+42.42 rom=+0.028
[german-vpd] lora multilingual B=2048 l=100 lr=0.001 step 25: eval de=+51.47 en=+0.018 rom=-0.004 | dev de=+51.09 rom=-0.017
[german-vpd] lora multilingual B=2048 l=100 lr=0.001 step 50: eval de=+53.96 en=+0.011 rom=+0.047 | dev de=+53.62 rom=+0.034
[german-vpd] lora multilingual B=2048 l=100 lr=0.001 step 100: eval de=+54.58 en=+0.007 rom=+0.024 | dev de=+54.23 rom=+0.021
[german-vpd] lora multilingual B=2048 l=100 lr=0.001 step 200: eval de=+55.14 en=+0.005 rom=+0.022 | dev de=+54.80 rom=+0.021
[german-vpd] component multilingual B=2048 l=10 lr=0.3 step 400: eval de=+8.75 en=+0.013 rom=+0.071 | dev de=+9.47 rom=+0.041
[german-vpd] lora multilingual B=2048 l=100 lr=0.003 step 25: eval de=+28.46 en=+0.031 rom=+0.216 | dev de=+28.23 rom=+0.111
[german-vpd] lora multilingual B=2048 l=100 lr=0.003 step 50: eval de=+24.95 en=+0.041 rom=-0.059 | dev de=+24.28 rom=-0.068
[german-vpd] lora multilingual B=2048 l=100 lr=0.003 step 100: eval de=+25.30 en=+0.032 rom=-0.023 | dev de=+24.87 rom=-0.025
[german-vpd] lora multilingual B=2048 l=100 lr=0.003 step 200: eval de=+25.12 en=+0.026 rom=-0.023 | dev de=+24.75 rom=-0.033
[german-vpd] lora multilingual B=512 l=10 lr=0.0001 step 25: eval de=+11.74 en=+0.001 rom=+0.179 | dev de=+10.51 rom=+0.141
[german-vpd] lora multilingual B=512 l=10 lr=0.0001 step 50: eval de=+22.57 en=+0.002 rom=+0.071 | dev de=+22.13 rom=+0.060
[german-vpd] lora multilingual B=512 l=10 lr=0.0001 step 100: eval de=+23.08 en=+0.003 rom=+0.036 | dev de=+22.69 rom=+0.033
[german-vpd] lora multilingual B=512 l=10 lr=0.0001 step 200: eval de=+22.96 en=+0.002 rom=+0.025 | dev de=+22.58 rom=+0.024
[german-vpd] lora multilingual B=512 l=10 lr=0.0003 step 25: eval de=+30.95 en=+0.007 rom=+0.027 | dev de=+31.02 rom=+0.029
[german-vpd] lora multilingual B=512 l=10 lr=0.0003 step 50: eval de=+32.33 en=+0.006 rom=+0.042 | dev de=+32.14 rom=+0.034
[german-vpd] lora multilingual B=512 l=10 lr=0.0003 step 100: eval de=+32.49 en=+0.007 rom=+0.032 | dev de=+32.32 rom=+0.021
[german-vpd] lora multilingual B=512 l=10 lr=0.0003 step 200: eval de=+32.52 en=+0.005 rom=+0.028 | dev de=+32.39 rom=+0.019
[german-vpd] lora multilingual B=512 l=10 lr=0.001 step 25: eval de=+25.76 en=+0.042 rom=+0.077 | dev de=+25.46 rom=+0.059
[german-vpd] lora multilingual B=512 l=10 lr=0.001 step 50: eval de=+26.80 en=+0.036 rom=+0.053 | dev de=+26.52 rom=+0.030
[german-vpd] lora multilingual B=512 l=10 lr=0.001 step 100: eval de=+27.30 en=+0.026 rom=+0.043 | dev de=+27.02 rom=+0.024
[german-vpd] lora multilingual B=512 l=10 lr=0.001 step 200: eval de=+27.78 en=+0.019 rom=+0.034 | dev de=+27.49 rom=+0.019
[german-vpd] component multilingual B=2048 l=10 lr=0.3 step 800: eval de=+8.72 en=+0.011 rom=+0.068 | dev de=+9.37 rom=+0.042
[german-vpd] lora multilingual B=512 l=10 lr=0.003 step 25: eval de=+22.42 en=+0.063 rom=-0.030 | dev de=+22.46 rom=-0.050
[german-vpd] lora multilingual B=512 l=10 lr=0.003 step 50: eval de=+21.76 en=+0.050 rom=+0.017 | dev de=+21.88 rom=-0.000
[german-vpd] component multilingual B=2048 l=100 lr=0.1 step 25: eval de=+0.27 en=+0.015 rom=+0.214 | dev de=+0.24 rom=+0.221
[german-vpd] lora multilingual B=512 l=10 lr=0.003 step 100: eval de=+21.94 en=+0.042 rom=-0.009 | dev de=+22.07 rom=-0.012
[german-vpd] component multilingual B=2048 l=100 lr=0.1 step 50: eval de=+0.17 en=+0.009 rom=+0.141 | dev de=+0.14 rom=+0.147
[german-vpd] lora multilingual B=512 l=10 lr=0.003 step 200: eval de=+22.10 en=+0.034 rom=+0.022 | dev de=+22.24 rom=+0.015
[german-vpd] lora multilingual B=512 l=100 lr=0.0001 step 25: eval de=+19.04 en=+0.002 rom=+0.039 | dev de=+18.55 rom=+0.019
[german-vpd] component multilingual B=2048 l=100 lr=0.1 step 100: eval de=+0.06 en=+0.002 rom=+0.054 | dev de=+0.05 rom=+0.064
[german-vpd] lora multilingual B=512 l=100 lr=0.0001 step 50: eval de=+24.43 en=+0.003 rom=+0.026 | dev de=+24.36 rom=+0.011
[german-vpd] lora multilingual B=512 l=100 lr=0.0001 step 100: eval de=+24.64 en=+0.001 rom=+0.022 | dev de=+24.59 rom=+0.006
[german-vpd] lora multilingual B=512 l=100 lr=0.0001 step 200: eval de=+24.46 en=+0.002 rom=+0.020 | dev de=+24.41 rom=+0.010
[german-vpd] component multilingual B=2048 l=100 lr=0.1 step 200: eval de=+0.00 en=+0.001 rom=+0.003 | dev de=+0.00 rom=+0.009
[german-vpd] lora multilingual B=512 l=100 lr=0.0003 step 25: eval de=+27.85 en=+0.006 rom=+0.043 | dev de=+27.71 rom=+0.028
[german-vpd] lora multilingual B=512 l=100 lr=0.0003 step 50: eval de=+28.80 en=+0.006 rom=+0.028 | dev de=+28.49 rom=+0.017
[german-vpd] lora multilingual B=512 l=100 lr=0.0003 step 100: eval de=+28.90 en=+0.005 rom=+0.027 | dev de=+28.61 rom=+0.017
[german-vpd] lora multilingual B=512 l=100 lr=0.0003 step 200: eval de=+28.95 en=+0.004 rom=+0.021 | dev de=+28.72 rom=+0.014
[german-vpd] component multilingual B=2048 l=100 lr=0.1 step 400: eval de=+0.00 en=-0.001 rom=+0.003 | dev de=-0.00 rom=+0.001
[german-vpd] lora multilingual B=512 l=100 lr=0.001 step 25: eval de=+30.63 en=+0.029 rom=+0.105 | dev de=+30.39 rom=+0.075
[german-vpd] lora multilingual B=512 l=100 lr=0.001 step 50: eval de=+30.20 en=+0.020 rom=+0.025 | dev de=+30.03 rom=+0.016
[german-vpd] lora multilingual B=512 l=100 lr=0.001 step 100: eval de=+30.55 en=+0.014 rom=+0.002 | dev de=+30.40 rom=-0.001
[german-vpd] lora multilingual B=512 l=100 lr=0.001 step 200: eval de=+31.15 en=+0.009 rom=+0.008 | dev de=+31.00 rom=+0.003
[german-vpd] lora multilingual B=512 l=100 lr=0.003 step 25: eval de=+28.82 en=+0.147 rom=+0.036 | dev de=+28.49 rom=+0.023
[german-vpd] lora multilingual B=512 l=100 lr=0.003 step 50: eval de=+22.18 en=+0.092 rom=+0.009 | dev de=+22.03 rom=-0.002
[german-vpd] lora multilingual B=512 l=100 lr=0.003 step 100: eval de=+18.43 en=+0.066 rom=-0.003 | dev de=+18.20 rom=+0.004
[german-vpd] lora multilingual B=512 l=100 lr=0.003 step 200: eval de=+19.01 en=+0.047 rom=+0.004 | dev de=+18.60 rom=+0.008
[german-vpd] component multilingual B=2048 l=100 lr=0.1 step 800: eval de=+0.00 en=-0.001 rom=+0.003 | dev de=-0.00 rom=+0.002
[german-vpd] component multilingual B=2048 l=100 lr=0.3 step 25: eval de=+0.09 en=+0.005 rom=+0.083 | dev de=+0.07 rom=+0.093
[german-vpd] component multilingual B=2048 l=100 lr=0.3 step 50: eval de=+0.01 en=+0.001 rom=+0.012 | dev de=+0.01 rom=+0.017
[german-vpd] component multilingual B=2048 l=100 lr=0.3 step 100: eval de=-0.00 en=-0.000 rom=+0.002 | dev de=-0.00 rom=+0.003
[german-vpd] component multilingual B=2048 l=100 lr=0.3 step 200: eval de=+0.00 en=-0.000 rom=+0.003 | dev de=-0.00 rom=+0.001
[german-vpd] component multilingual B=2048 l=100 lr=0.3 step 400: eval de=+0.00 en=-0.001 rom=+0.003 | dev de=-0.00 rom=+0.000
[german-vpd] component multilingual B=2048 l=100 lr=0.3 step 800: eval de=-0.00 en=-0.000 rom=+0.004 | dev de=+0.00 rom=+0.001
[german-vpd] component multilingual B=512 l=10 lr=0.1 step 25: eval de=+0.33 en=+0.016 rom=+0.220 | dev de=+0.29 rom=+0.228
[german-vpd] component multilingual B=512 l=10 lr=0.1 step 50: eval de=+0.37 en=+0.011 rom=+0.155 | dev de=+0.31 rom=+0.159
[german-vpd] component multilingual B=512 l=10 lr=0.1 step 100: eval de=+3.33 en=+0.013 rom=+0.101 | dev de=+3.92 rom=+0.101
[german-vpd] component multilingual B=512 l=10 lr=0.1 step 200: eval de=+8.19 en=+0.013 rom=+0.086 | dev de=+9.06 rom=+0.070
[german-vpd] component multilingual B=512 l=10 lr=0.1 step 400: eval de=+8.20 en=+0.012 rom=+0.071 | dev de=+9.04 rom=+0.045
[german-vpd] component multilingual B=512 l=10 lr=0.1 step 800: eval de=+8.24 en=+0.012 rom=+0.063 | dev de=+9.03 rom=+0.035
[german-vpd] component multilingual B=512 l=10 lr=0.3 step 25: eval de=+0.48 en=+0.009 rom=+0.105 | dev de=+0.40 rom=+0.105
[german-vpd] component multilingual B=512 l=10 lr=0.3 step 50: eval de=+4.33 en=+0.016 rom=+0.091 | dev de=+5.04 rom=+0.062
[german-vpd] component multilingual B=512 l=10 lr=0.3 step 100: eval de=+8.20 en=+0.015 rom=+0.093 | dev de=+9.07 rom=+0.061
[german-vpd] component multilingual B=512 l=10 lr=0.3 step 200: eval de=+8.20 en=+0.011 rom=+0.071 | dev de=+9.03 rom=+0.045
[german-vpd] component multilingual B=512 l=10 lr=0.3 step 400: eval de=+8.31 en=+0.013 rom=+0.063 | dev de=+9.09 rom=+0.033
[german-vpd] component multilingual B=512 l=10 lr=0.3 step 800: eval de=+8.35 en=+0.013 rom=+0.063 | dev de=+9.10 rom=+0.038
[german-vpd] component multilingual B=512 l=100 lr=0.1 step 25: eval de=+0.27 en=+0.014 rom=+0.214 | dev de=+0.23 rom=+0.221
[german-vpd] component multilingual B=512 l=100 lr=0.1 step 50: eval de=+0.17 en=+0.009 rom=+0.142 | dev de=+0.14 rom=+0.150
[german-vpd] component multilingual B=512 l=100 lr=0.1 step 100: eval de=+0.06 en=+0.003 rom=+0.053 | dev de=+0.05 rom=+0.066
[german-vpd] component multilingual B=512 l=100 lr=0.1 step 200: eval de=+0.00 en=-0.000 rom=+0.004 | dev de=+0.00 rom=+0.010
[german-vpd] component multilingual B=512 l=100 lr=0.1 step 400: eval de=-0.00 en=-0.000 rom=+0.001 | dev de=-0.00 rom=+0.000
[german-vpd] component multilingual B=512 l=100 lr=0.1 step 800: eval de=+0.00 en=-0.000 rom=+0.003 | dev de=-0.00 rom=+0.002
[german-vpd] component multilingual B=512 l=100 lr=0.3 step 25: eval de=+0.09 en=+0.003 rom=+0.085 | dev de=+0.07 rom=+0.092
[german-vpd] component multilingual B=512 l=100 lr=0.3 step 50: eval de=+0.01 en=-0.000 rom=+0.011 | dev de=+0.00 rom=+0.016
[german-vpd] component multilingual B=512 l=100 lr=0.3 step 100: eval de=+0.00 en=+0.002 rom=-0.000 | dev de=-0.00 rom=+0.001
[german-vpd] component multilingual B=512 l=100 lr=0.3 step 200: eval de=-0.00 en=-0.001 rom=+0.004 | dev de=-0.00 rom=+0.003
[german-vpd] component multilingual B=512 l=100 lr=0.3 step 400: eval de=+0.00 en=+0.000 rom=+0.004 | dev de=-0.00 rom=+0.003
[german-vpd] component multilingual B=512 l=100 lr=0.3 step 800: eval de=+0.00 en=-0.001 rom=+0.004 | dev de=-0.00 rom=+0.000
[german-vpd] wrote /dev/shm/geo1b/run1b_streamC4096/fair_multilingual_2048_512.json (112 frontier points)
