[german-vpd] reusing cached protocol data /dev/shm/geo1b/run1b_streamC4096/german_vpd_data.pt
[german-vpd] materialized components [3634]: 16/112 matrices
[german-vpd] materialized components [3634]: 32/112 matrices
[german-vpd] materialized components [3634]: 48/112 matrices
[german-vpd] materialized components [3634]: 64/112 matrices
[german-vpd] materialized components [3634]: 80/112 matrices
[german-vpd] materialized components [3634]: 96/112 matrices
[german-vpd] materialized components [3634]: 112/112 matrices
[german-vpd] lora english_only B=64 l=10 lr=0.0001 step 25: eval de=+0.21 en=+0.000 rom=+0.198 | dev de=+0.14 rom=+0.162
[german-vpd] component english_only B=64 l=10 lr=0.1 step 25: eval de=+0.53 en=+0.023 rom=+0.304 | dev de=+0.51 rom=+0.319
[german-vpd] lora english_only B=64 l=10 lr=0.0001 step 50: eval de=+0.54 en=+0.002 rom=+0.424 | dev de=+0.40 rom=+0.350
[german-vpd] component english_only B=64 l=10 lr=0.1 step 50: eval de=+1.07 en=+0.029 rom=+0.318 | dev de=+1.08 rom=+0.330
[german-vpd] lora english_only B=64 l=10 lr=0.0001 step 100: eval de=+0.39 en=+0.001 rom=+0.248 | dev de=+0.31 rom=+0.212
[german-vpd] component english_only B=64 l=10 lr=0.1 step 100: eval de=+6.40 en=+0.037 rom=+0.386 | dev de=+7.44 rom=+0.374
[german-vpd] lora english_only B=64 l=10 lr=0.0001 step 200: eval de=+0.30 en=-0.000 rom=+0.174 | dev de=+0.26 rom=+0.152
[german-vpd] component english_only B=64 l=10 lr=0.1 step 200: eval de=+6.73 en=+0.020 rom=+0.233 | dev de=+7.76 rom=+0.215
[german-vpd] lora english_only B=64 l=10 lr=0.0003 step 25: eval de=+0.76 en=+0.004 rom=+0.350 | dev de=+0.64 rom=+0.299
[german-vpd] lora english_only B=64 l=10 lr=0.0003 step 50: eval de=+0.68 en=+0.002 rom=+0.228 | dev de=+0.63 rom=+0.183
[german-vpd] lora english_only B=64 l=10 lr=0.0003 step 100: eval de=+0.61 en=+0.001 rom=+0.195 | dev de=+0.57 rom=+0.155
[german-vpd] component english_only B=64 l=10 lr=0.1 step 400: eval de=+6.66 en=+0.011 rom=+0.131 | dev de=+7.63 rom=+0.120
[german-vpd] lora english_only B=64 l=10 lr=0.0003 step 200: eval de=+0.54 en=+0.000 rom=+0.162 | dev de=+0.52 rom=+0.126
[german-vpd] lora english_only B=64 l=10 lr=0.001 step 25: eval de=+8.59 en=+0.067 rom=+1.557 | dev de=+9.14 rom=+0.741
[german-vpd] lora english_only B=64 l=10 lr=0.001 step 50: eval de=+8.49 en=+0.043 rom=+1.280 | dev de=+8.93 rom=+0.589
[german-vpd] lora english_only B=64 l=10 lr=0.001 step 100: eval de=+7.93 en=+0.028 rom=+1.022 | dev de=+8.50 rom=+0.501
[german-vpd] lora english_only B=64 l=10 lr=0.001 step 200: eval de=+7.39 en=+0.020 rom=+0.810 | dev de=+8.08 rom=+0.434
[german-vpd] lora english_only B=64 l=10 lr=0.003 step 25: eval de=+8.99 en=+0.067 rom=+0.583 | dev de=+8.98 rom=+0.519
[german-vpd] lora english_only B=64 l=10 lr=0.003 step 50: eval de=+9.36 en=+0.053 rom=+0.634 | dev de=+9.36 rom=+0.491
[german-vpd] lora english_only B=64 l=10 lr=0.003 step 100: eval de=+9.24 en=+0.043 rom=+0.515 | dev de=+9.30 rom=+0.365
[german-vpd] component english_only B=64 l=10 lr=0.1 step 800: eval de=+6.82 en=+0.008 rom=+0.060 | dev de=+7.70 rom=+0.038
[german-vpd] component english_only B=64 l=10 lr=0.3 step 25: eval de=+1.84 en=+0.032 rom=+0.334 | dev de=+2.03 rom=+0.331
[german-vpd] lora english_only B=64 l=10 lr=0.003 step 200: eval de=+9.10 en=+0.045 rom=+0.426 | dev de=+9.17 rom=+0.316
[german-vpd] component english_only B=64 l=10 lr=0.3 step 50: eval de=+7.65 en=+0.041 rom=+0.427 | dev de=+8.69 rom=+0.395
[german-vpd] lora english_only B=64 l=100 lr=0.0001 step 25: eval de=+0.51 en=-0.001 rom=+0.097 | dev de=+0.49 rom=+0.077
[german-vpd] component english_only B=64 l=10 lr=0.3 step 100: eval de=+7.81 en=+0.019 rom=+0.230 | dev de=+8.76 rom=+0.206
[german-vpd] lora english_only B=64 l=100 lr=0.0001 step 50: eval de=+0.75 en=-0.000 rom=+0.117 | dev de=+0.73 rom=+0.092
[german-vpd] lora english_only B=64 l=100 lr=0.0001 step 100: eval de=+0.73 en=-0.002 rom=+0.108 | dev de=+0.72 rom=+0.082
[german-vpd] component english_only B=64 l=10 lr=0.3 step 200: eval de=+7.63 en=+0.012 rom=+0.121 | dev de=+8.57 rom=+0.107
[german-vpd] lora english_only B=64 l=100 lr=0.0001 step 200: eval de=+0.69 en=-0.002 rom=+0.100 | dev de=+0.68 rom=+0.078
[german-vpd] lora english_only B=64 l=100 lr=0.0003 step 25: eval de=+1.78 en=+0.002 rom=+0.199 | dev de=+1.81 rom=+0.133
[german-vpd] lora english_only B=64 l=100 lr=0.0003 step 50: eval de=+2.06 en=+0.001 rom=+0.218 | dev de=+2.11 rom=+0.141
[german-vpd] lora english_only B=64 l=100 lr=0.0003 step 100: eval de=+1.97 en=+0.001 rom=+0.205 | dev de=+2.02 rom=+0.137
[german-vpd] component english_only B=64 l=10 lr=0.3 step 400: eval de=+7.06 en=+0.010 rom=+0.055 | dev de=+7.96 rom=+0.033
[german-vpd] lora english_only B=64 l=100 lr=0.0003 step 200: eval de=+1.83 en=+0.000 rom=+0.187 | dev de=+1.88 rom=+0.123
[german-vpd] lora english_only B=64 l=100 lr=0.001 step 25: eval de=+5.00 en=+0.013 rom=+0.392 | dev de=+5.18 rom=+0.233
[german-vpd] lora english_only B=64 l=100 lr=0.001 step 50: eval de=+5.22 en=+0.007 rom=+0.413 | dev de=+5.40 rom=+0.256
[german-vpd] lora english_only B=64 l=100 lr=0.001 step 100: eval de=+4.98 en=+0.007 rom=+0.389 | dev de=+5.15 rom=+0.243
[german-vpd] lora english_only B=64 l=100 lr=0.001 step 200: eval de=+4.58 en=+0.006 rom=+0.351 | dev de=+4.73 rom=+0.223
[german-vpd] lora english_only B=64 l=100 lr=0.003 step 25: eval de=+5.58 en=+0.163 rom=+0.462 | dev de=+5.67 rom=+0.404
[german-vpd] lora english_only B=64 l=100 lr=0.003 step 50: eval de=+4.24 en=+0.118 rom=+0.384 | dev de=+4.37 rom=+0.297
[german-vpd] component english_only B=64 l=10 lr=0.3 step 800: eval de=+6.93 en=+0.011 rom=+0.046 | dev de=+7.78 rom=+0.025
[german-vpd] component english_only B=64 l=100 lr=0.1 step 25: eval de=+0.30 en=+0.016 rom=+0.222 | dev de=+0.26 rom=+0.229
[german-vpd] lora english_only B=64 l=100 lr=0.003 step 100: eval de=+3.58 en=+0.099 rom=+0.321 | dev de=+3.74 rom=+0.232
[german-vpd] component english_only B=64 l=100 lr=0.1 step 50: eval de=+0.35 en=+0.010 rom=+0.156 | dev de=+0.30 rom=+0.156
[german-vpd] lora english_only B=64 l=100 lr=0.003 step 200: eval de=+3.34 en=+0.072 rom=+0.302 | dev de=+3.47 rom=+0.204
[german-vpd] component english_only B=64 l=100 lr=0.1 step 100: eval de=+5.32 en=+0.013 rom=+0.108 | dev de=+6.14 rom=+0.101
[german-vpd] lora english_only B=8 l=10 lr=0.0001 step 25: eval de=+0.18 en=-0.000 rom=+0.090 | dev de=+0.11 rom=+0.053
[german-vpd] lora english_only B=8 l=10 lr=0.0001 step 50: eval de=+0.13 en=+0.001 rom=+0.017 | dev de=+0.09 rom=+0.009
[german-vpd] component english_only B=64 l=100 lr=0.1 step 200: eval de=+6.97 en=+0.009 rom=+0.053 | dev de=+7.83 rom=+0.038
[german-vpd] lora english_only B=8 l=10 lr=0.0001 step 100: eval de=+0.13 en=+0.001 rom=+0.014 | dev de=+0.09 rom=+0.007
[german-vpd] lora english_only B=8 l=10 lr=0.0001 step 200: eval de=+0.13 en=+0.001 rom=+0.019 | dev de=+0.10 rom=+0.009
[german-vpd] lora english_only B=8 l=10 lr=0.0003 step 25: eval de=+0.40 en=+0.002 rom=+0.037 | dev de=+0.36 rom=+0.017
[german-vpd] lora english_only B=8 l=10 lr=0.0003 step 50: eval de=+0.49 en=+0.002 rom=+0.056 | dev de=+0.43 rom=+0.034
[german-vpd] lora english_only B=8 l=10 lr=0.0003 step 100: eval de=+0.48 en=+0.001 rom=+0.055 | dev de=+0.43 rom=+0.029
[german-vpd] component english_only B=64 l=100 lr=0.1 step 400: eval de=+6.88 en=+0.010 rom=+0.047 | dev de=+7.71 rom=+0.026
[german-vpd] lora english_only B=8 l=10 lr=0.0003 step 200: eval de=+0.47 en=+0.002 rom=+0.055 | dev de=+0.42 rom=+0.030
[german-vpd] lora english_only B=8 l=10 lr=0.001 step 25: eval de=+2.14 en=+0.013 rom=+0.258 | dev de=+2.15 rom=+0.153
[german-vpd] lora english_only B=8 l=10 lr=0.001 step 50: eval de=+2.31 en=+0.013 rom=+0.248 | dev de=+2.37 rom=+0.146
[german-vpd] lora english_only B=8 l=10 lr=0.001 step 100: eval de=+2.22 en=+0.010 rom=+0.263 | dev de=+2.26 rom=+0.159
[german-vpd] lora english_only B=8 l=10 lr=0.001 step 200: eval de=+2.08 en=+0.009 rom=+0.230 | dev de=+2.12 rom=+0.133
[german-vpd] lora english_only B=8 l=10 lr=0.003 step 25: eval de=+7.96 en=+0.123 rom=+1.048 | dev de=+8.15 rom=+0.701
[german-vpd] lora english_only B=8 l=10 lr=0.003 step 50: eval de=+7.62 en=+0.114 rom=+0.919 | dev de=+7.82 rom=+0.642
[german-vpd] lora english_only B=8 l=10 lr=0.003 step 100: eval de=+6.89 en=+0.080 rom=+0.765 | dev de=+7.14 rom=+0.518
[german-vpd] component english_only B=64 l=100 lr=0.1 step 800: eval de=+6.84 en=+0.010 rom=+0.045 | dev de=+7.67 rom=+0.023
[german-vpd] component english_only B=64 l=100 lr=0.3 step 25: eval de=+0.47 en=+0.007 rom=+0.101 | dev de=+0.40 rom=+0.103
[german-vpd] lora english_only B=8 l=10 lr=0.003 step 200: eval de=+6.54 en=+0.064 rom=+0.673 | dev de=+6.77 rom=+0.432
[german-vpd] component english_only B=64 l=100 lr=0.3 step 50: eval de=+7.37 en=+0.013 rom=+0.085 | dev de=+8.23 rom=+0.066
[german-vpd] lora english_only B=8 l=100 lr=0.0001 step 25: eval de=+0.11 en=+0.000 rom=+0.011 | dev de=+0.08 rom=+0.009
[german-vpd] lora english_only B=8 l=100 lr=0.0001 step 50: eval de=+0.14 en=+0.000 rom=+0.019 | dev de=+0.10 rom=+0.015
[german-vpd] component english_only B=64 l=100 lr=0.3 step 100: eval de=+7.67 en=+0.012 rom=+0.055 | dev de=+8.48 rom=+0.033
[german-vpd] lora english_only B=8 l=100 lr=0.0001 step 100: eval de=+0.14 en=+0.001 rom=+0.019 | dev de=+0.10 rom=+0.015
[german-vpd] component english_only B=64 l=100 lr=0.3 step 200: eval de=+7.03 en=+0.010 rom=+0.045 | dev de=+7.87 rom=+0.026
[german-vpd] lora english_only B=8 l=100 lr=0.0001 step 200: eval de=+0.14 en=+0.000 rom=+0.017 | dev de=+0.10 rom=+0.012
[german-vpd] lora english_only B=8 l=100 lr=0.0003 step 25: eval de=+0.44 en=+0.003 rom=+0.049 | dev de=+0.39 rom=+0.026
[german-vpd] lora english_only B=8 l=100 lr=0.0003 step 50: eval de=+0.52 en=+0.002 rom=+0.059 | dev de=+0.47 rom=+0.036
[german-vpd] lora english_only B=8 l=100 lr=0.0003 step 100: eval de=+0.53 en=+0.003 rom=+0.061 | dev de=+0.47 rom=+0.041
[german-vpd] lora english_only B=8 l=100 lr=0.0003 step 200: eval de=+0.51 en=+0.003 rom=+0.058 | dev de=+0.46 rom=+0.037
[german-vpd] component english_only B=64 l=100 lr=0.3 step 400: eval de=+6.86 en=+0.010 rom=+0.044 | dev de=+7.69 rom=+0.022
[german-vpd] lora english_only B=8 l=100 lr=0.001 step 25: eval de=+1.85 en=+0.014 rom=+0.289 | dev de=+1.81 rom=+0.179
[german-vpd] lora english_only B=8 l=100 lr=0.001 step 50: eval de=+1.84 en=+0.014 rom=+0.162 | dev de=+1.91 rom=+0.102
[german-vpd] lora english_only B=8 l=100 lr=0.001 step 100: eval de=+1.77 en=+0.013 rom=+0.167 | dev de=+1.83 rom=+0.104
[german-vpd] lora english_only B=8 l=100 lr=0.001 step 200: eval de=+1.66 en=+0.011 rom=+0.165 | dev de=+1.72 rom=+0.101
[german-vpd] lora english_only B=8 l=100 lr=0.003 step 25: eval de=+5.29 en=+0.065 rom=+0.342 | dev de=+5.54 rom=+0.299
[german-vpd] lora english_only B=8 l=100 lr=0.003 step 50: eval de=+5.17 en=+0.077 rom=+0.502 | dev de=+5.37 rom=+0.377
[german-vpd] lora english_only B=8 l=100 lr=0.003 step 100: eval de=+4.62 en=+0.075 rom=+0.414 | dev de=+4.83 rom=+0.301
[german-vpd] lora english_only B=8 l=100 lr=0.003 step 200: eval de=+4.44 en=+0.061 rom=+0.367 | dev de=+4.64 rom=+0.255
[german-vpd] component english_only B=64 l=100 lr=0.3 step 800: eval de=+6.92 en=+0.010 rom=+0.048 | dev de=+7.75 rom=+0.024
[german-vpd] component english_only B=8 l=10 lr=0.1 step 25: eval de=+0.50 en=+0.022 rom=+0.302 | dev de=+0.48 rom=+0.334
[german-vpd] component english_only B=8 l=10 lr=0.1 step 50: eval de=+0.90 en=+0.024 rom=+0.285 | dev de=+0.93 rom=+0.306
[german-vpd] component english_only B=8 l=10 lr=0.1 step 100: eval de=+3.44 en=+0.023 rom=+0.280 | dev de=+4.07 rom=+0.289
[german-vpd] component english_only B=8 l=10 lr=0.1 step 200: eval de=+3.31 en=+0.015 rom=+0.187 | dev de=+3.90 rom=+0.197
[german-vpd] component english_only B=8 l=10 lr=0.1 step 400: eval de=+3.07 en=+0.011 rom=+0.086 | dev de=+3.57 rom=+0.082
[german-vpd] component english_only B=8 l=10 lr=0.1 step 800: eval de=+3.30 en=+0.007 rom=+0.037 | dev de=+3.82 rom=+0.022
[german-vpd] component english_only B=8 l=10 lr=0.3 step 25: eval de=+1.63 en=+0.024 rom=+0.280 | dev de=+1.86 rom=+0.294
[german-vpd] component english_only B=8 l=10 lr=0.3 step 50: eval de=+4.97 en=+0.024 rom=+0.283 | dev de=+5.82 rom=+0.287
[german-vpd] component english_only B=8 l=10 lr=0.3 step 100: eval de=+5.05 en=+0.017 rom=+0.163 | dev de=+5.91 rom=+0.172
[german-vpd] component english_only B=8 l=10 lr=0.3 step 200: eval de=+4.79 en=+0.010 rom=+0.070 | dev de=+5.57 rom=+0.062
[german-vpd] component english_only B=8 l=10 lr=0.3 step 400: eval de=+3.74 en=+0.010 rom=+0.035 | dev de=+4.37 rom=+0.020
[german-vpd] component english_only B=8 l=10 lr=0.3 step 800: eval de=+3.31 en=+0.010 rom=+0.027 | dev de=+3.78 rom=+0.014
[german-vpd] component english_only B=8 l=100 lr=0.1 step 25: eval de=+0.37 en=+0.016 rom=+0.225 | dev de=+0.32 rom=+0.233
[german-vpd] component english_only B=8 l=100 lr=0.1 step 50: eval de=+0.69 en=+0.013 rom=+0.159 | dev de=+0.63 rom=+0.164
[german-vpd] component english_only B=8 l=100 lr=0.1 step 100: eval de=+4.17 en=+0.011 rom=+0.103 | dev de=+4.82 rom=+0.100
[german-vpd] component english_only B=8 l=100 lr=0.1 step 200: eval de=+3.51 en=+0.007 rom=+0.037 | dev de=+4.04 rom=+0.027
[german-vpd] component english_only B=8 l=100 lr=0.1 step 400: eval de=+3.22 en=+0.009 rom=+0.027 | dev de=+3.68 rom=+0.018
[german-vpd] component english_only B=8 l=100 lr=0.1 step 800: eval de=+3.53 en=+0.009 rom=+0.027 | dev de=+4.07 rom=+0.013
[german-vpd] component english_only B=8 l=100 lr=0.3 step 25: eval de=+1.40 en=+0.010 rom=+0.112 | dev de=+1.48 rom=+0.116
[german-vpd] component english_only B=8 l=100 lr=0.3 step 50: eval de=+5.68 en=+0.010 rom=+0.059 | dev de=+6.51 rom=+0.055
[german-vpd] component english_only B=8 l=100 lr=0.3 step 100: eval de=+4.83 en=+0.011 rom=+0.036 | dev de=+5.55 rom=+0.021
[german-vpd] component english_only B=8 l=100 lr=0.3 step 200: eval de=+3.76 en=+0.008 rom=+0.029 | dev de=+4.33 rom=+0.014
[german-vpd] component english_only B=8 l=100 lr=0.3 step 400: eval de=+3.90 en=+0.008 rom=+0.028 | dev de=+4.49 rom=+0.014
[german-vpd] component english_only B=8 l=100 lr=0.3 step 800: eval de=+3.82 en=+0.009 rom=+0.029 | dev de=+4.40 rom=+0.016
[german-vpd] wrote /dev/shm/geo1b/run1b_streamC4096/fair_english_only_64_8.json (112 frontier points)
