[german-vpd] GIM caches ready (7s)
[german-vpd] bank resident (22s, 42 GiB)
[german-vpd] baseline mean log p = -1.6540
[german-vpd] attribution for 8 positions in 2s
[german-vpd]   attr_topk          k=32    Δlogp -47.1447  (1s)
[german-vpd]   attr_topk          k=512   Δlogp  -8.5285  (1s)
[german-vpd]   attr_topk          k=4096  Δlogp  +0.0000  (1s)
[german-vpd]   attr_soft          k=None  Δlogp -93.0516  (1s)
[german-vpd]   posterior_topk     k=32    Δlogp -92.7166  (1s)
[german-vpd]   posterior_topk     k=512   Δlogp -46.8604  (1s)
[german-vpd]   posterior_topk     k=4096  Δlogp  +0.0000  (1s)
[german-vpd]   posterior_soft     k=None  Δlogp -99.4075  (1s)
[german-vpd]   shuffled_topk      k=32    Δlogp -47.6311  (1s)
[german-vpd]   shuffled_topk      k=512   Δlogp  -8.9163  (1s)
[german-vpd]   shuffled_topk      k=4096  Δlogp  +0.0000  (1s)
[german-vpd]   shuffled_soft      k=None  Δlogp -95.6185  (1s)
[german-vpd]   mass_topk          k=32    Δlogp -62.3545  (1s)
[german-vpd]   mass_topk          k=512   Δlogp  -8.2452  (1s)
[german-vpd]   mass_topk          k=4096  Δlogp  +0.0000  (1s)
[german-vpd]   mass_soft          k=None  Δlogp -96.3174  (1s)
[german-vpd] wrote /dev/shm/geo1b/run1b_streamC4096/attribution_gating_smoke.json  (total 40s)
