[german-vpd] reusing cached protocol data /dev/shm/geo1b/run1m_stream/german_vpd_data.pt
[german-vpd] materialized component 339: 16/112 matrices
[german-vpd] materialized component 339: 32/112 matrices
[german-vpd] materialized component 339: 48/112 matrices
[german-vpd] materialized component 339: 64/112 matrices
[german-vpd] materialized component 339: 80/112 matrices
[german-vpd] materialized component 339: 96/112 matrices
[german-vpd] materialized component 339: 112/112 matrices
[german-vpd] replicated component editor on cuda:1
[german-vpd] component 339 squared-weight mass fraction 9.841036e-06; editors on ['cuda:0', 'cuda:1']
[german-vpd] warm-start scan a=-20:deCE=14.43/enKL=10.431, a=-15:deCE=5.32/enKL=1.399, a=-12:deCE=3.21/enKL=0.179, a=-10:deCE=2.78/enKL=0.035, a=-8:deCE=2.72/enKL=0.010, a=-6:deCE=2.71/enKL=0.006, a=-4:deCE=2.71/enKL=0.004, a=-2:deCE=2.71/enKL=0.002, a=-1:deCE=2.70/enKL=0.002, a=+0:deCE=2.70/enKL=0.001, a=+0.5:deCE=2.69/enKL=0.001, a=+1:deCE=2.69/enKL=0.000, a=+1.5:deCE=2.69/enKL=0.001, a=+2:deCE=2.69/enKL=0.001, a=+3:deCE=2.69/enKL=0.003, a=+4:deCE=2.71/enKL=0.007, a=+5:deCE=2.83/enKL=0.064, a=+5.5:deCE=3.72/enKL=0.233, a=+6:deCE=10.36/enKL=1.044, a=+6.5:deCE=20.28/enKL=3.381, a=+7:deCE=27.51/enKL=5.797, a=+8:deCE=30.32/enKL=11.843, a=+10:deCE=23.85/enKL=21.798, a=+12:deCE=18.53/enKL=25.217, a=+15:deCE=15.98/enKL=15.878, a=+20:deCE=15.82/enKL=14.082
[german-vpd] warm-start inits lambda=0.1->alpha=+6.5, lambda=1->alpha=+6, lambda=10->alpha=+1, lambda=30->alpha=+1, lambda=100->alpha=+1
[german-vpd] step 0000: lambda=0.1 alpha=+6.400 deCE=18.502 enKL=3.1864, lambda=1 alpha=+6.100 deCE=6.668 enKL=1.7638, lambda=10 alpha=+0.900 deCE=2.613 enKL=0.0000, lambda=30 alpha=+0.900 deCE=2.613 enKL=0.0000, lambda=100 alpha=+0.900 deCE=2.613 enKL=0.0000
[german-vpd] step 0025: lambda=0.1 alpha=+6.751 deCE=31.605 enKL=8.0993, lambda=1 alpha=+6.398 deCE=28.365 enKL=5.3434, lambda=10 alpha=-0.108 deCE=2.890 enKL=0.0008, lambda=30 alpha=+0.794 deCE=2.883 enKL=0.0007, lambda=100 alpha=+0.926 deCE=2.884 enKL=0.0007
[german-vpd] step 0050: lambda=0.1 alpha=+6.561 deCE=19.906 enKL=3.8444, lambda=1 alpha=+6.240 deCE=17.882 enKL=1.7764, lambda=10 alpha=-0.205 deCE=2.655 enKL=0.0009, lambda=30 alpha=+0.755 deCE=2.654 enKL=0.0006, lambda=100 alpha=+0.942 deCE=2.656 enKL=0.0006
[german-vpd] step 0075: lambda=0.1 alpha=+6.669 deCE=18.628 enKL=1.0441, lambda=1 alpha=+6.421 deCE=10.583 enKL=0.6090, lambda=10 alpha=-0.194 deCE=2.628 enKL=0.0015, lambda=30 alpha=+0.768 deCE=2.624 enKL=0.0007, lambda=100 alpha=+0.948 deCE=2.622 enKL=0.0007
[german-vpd] step 0100: lambda=0.1 alpha=+6.496 deCE=18.502 enKL=3.1864, lambda=1 alpha=+6.412 deCE=16.204 enKL=2.9209, lambda=10 alpha=-0.175 deCE=2.617 enKL=0.0011, lambda=30 alpha=+0.773 deCE=2.613 enKL=0.0008, lambda=100 alpha=+0.953 deCE=2.612 enKL=0.0007
[german-vpd] step 0125: lambda=0.1 alpha=+6.708 deCE=31.530 enKL=7.7880, lambda=1 alpha=+6.450 deCE=29.270 enKL=5.5088, lambda=10 alpha=-0.177 deCE=2.892 enKL=0.0008, lambda=30 alpha=+0.758 deCE=2.884 enKL=0.0007, lambda=100 alpha=+0.904 deCE=2.883 enKL=0.0007
[german-vpd] step 0150: lambda=0.1 alpha=+6.459 deCE=19.505 enKL=3.1383, lambda=1 alpha=+6.441 deCE=19.364 enKL=3.0136, lambda=10 alpha=-0.185 deCE=2.655 enKL=0.0009, lambda=30 alpha=+0.759 deCE=2.655 enKL=0.0007, lambda=100 alpha=+0.900 deCE=2.655 enKL=0.0007
[german-vpd] step 0175: lambda=0.1 alpha=+6.697 deCE=19.365 enKL=1.0937, lambda=1 alpha=+6.402 deCE=10.583 enKL=0.6090, lambda=10 alpha=-0.175 deCE=2.629 enKL=0.0015, lambda=30 alpha=+0.757 deCE=2.624 enKL=0.0007, lambda=100 alpha=+0.959 deCE=2.622 enKL=0.0007
[german-vpd] step 0200: lambda=0.1 alpha=+6.429 deCE=16.919 enKL=3.0109, lambda=1 alpha=+6.463 deCE=17.702 enKL=3.0861, lambda=10 alpha=-0.169 deCE=2.617 enKL=0.0011, lambda=30 alpha=+0.776 deCE=2.616 enKL=0.0007, lambda=100 alpha=+0.916 deCE=2.614 enKL=0.0007
[german-vpd] step 0225: lambda=0.1 alpha=+6.689 deCE=31.354 enKL=7.6486, lambda=1 alpha=+6.480 deCE=29.270 enKL=5.5088, lambda=10 alpha=-0.177 deCE=2.892 enKL=0.0008, lambda=30 alpha=+0.752 deCE=2.882 enKL=0.0007, lambda=100 alpha=+0.902 deCE=2.882 enKL=0.0007
[german-vpd] step 0250: lambda=0.1 alpha=+6.403 deCE=19.103 enKL=2.6810, lambda=1 alpha=+6.400 deCE=19.103 enKL=2.6810, lambda=10 alpha=-0.184 deCE=2.655 enKL=0.0009, lambda=30 alpha=+0.770 deCE=2.655 enKL=0.0007, lambda=100 alpha=+0.944 deCE=2.653 enKL=0.0007
[german-vpd] step 0275: lambda=0.1 alpha=+6.679 deCE=19.365 enKL=1.0937, lambda=1 alpha=+6.453 deCE=12.406 enKL=0.7355, lambda=10 alpha=-0.175 deCE=2.630 enKL=0.0015, lambda=30 alpha=+0.767 deCE=2.624 enKL=0.0007, lambda=100 alpha=+0.961 deCE=2.621 enKL=0.0007
[german-vpd] step 0300: lambda=0.1 alpha=+6.506 deCE=17.702 enKL=3.0861, lambda=1 alpha=+6.473 deCE=17.702 enKL=3.0861, lambda=10 alpha=-0.170 deCE=2.617 enKL=0.0011, lambda=30 alpha=+0.776 deCE=2.616 enKL=0.0006, lambda=100 alpha=+0.919 deCE=2.612 enKL=0.0007
[german-vpd] step 0325: lambda=0.1 alpha=+6.670 deCE=31.354 enKL=7.6486, lambda=1 alpha=+6.423 deCE=28.365 enKL=5.3434, lambda=10 alpha=-0.177 deCE=2.892 enKL=0.0008, lambda=30 alpha=+0.769 deCE=2.885 enKL=0.0007, lambda=100 alpha=+0.930 deCE=2.882 enKL=0.0007
[german-vpd] step 0350: lambda=0.1 alpha=+6.588 deCE=19.906 enKL=3.8444, lambda=1 alpha=+6.413 deCE=19.364 enKL=3.0136, lambda=10 alpha=-0.184 deCE=2.655 enKL=0.0009, lambda=30 alpha=+0.774 deCE=2.654 enKL=0.0007, lambda=100 alpha=+0.922 deCE=2.655 enKL=0.0007
[german-vpd] step 0375: lambda=0.1 alpha=+6.662 deCE=18.628 enKL=1.0441, lambda=1 alpha=+6.452 deCE=11.421 enKL=0.6983, lambda=10 alpha=-0.175 deCE=2.629 enKL=0.0015, lambda=30 alpha=+0.761 deCE=2.625 enKL=0.0008, lambda=100 alpha=+0.925 deCE=2.625 enKL=0.0007
[german-vpd] step 0399: lambda=0.1 alpha=+6.650 deCE=17.614 enKL=1.0162, lambda=1 alpha=+6.434 deCE=10.583 enKL=0.6090, lambda=10 alpha=-0.176 deCE=2.629 enKL=0.0015, lambda=30 alpha=+0.746 deCE=2.623 enKL=0.0007, lambda=100 alpha=+0.915 deCE=2.623 enKL=0.0007
[german-vpd] selected source=dev_screen, alpha=+5.3000; dev dCE de/en=+1.552/+0.075
[german-vpd] eval german_europarl: CE 2.664 -> 3.175 (+0.511), KL=0.5203
[german-vpd] eval english_pile: CE 2.096 -> 2.170 (+0.074), KL=0.0790
[german-vpd] eval english_europarl: CE 3.041 -> 3.047 (+0.006), KL=0.0222
[german-vpd] eval french_europarl: CE 2.527 -> 2.821 (+0.294), KL=0.2979
[german-vpd] eval spanish_europarl: CE 2.836 -> 3.287 (+0.451), KL=0.4779
[german-vpd] eval italian_europarl: CE 2.523 -> 2.738 (+0.215), KL=0.2232
[german-vpd] eval codeparrot: CE 1.697 -> 1.705 (+0.009), KL=0.0182
[german-vpd] literal weight-edit equivalence: max |delta logit|=0.000e+00
[german-vpd] wrote result /dev/shm/geo1b/run1m_stream/german_vpd_prop1b.json
[german-vpd] wrote replayable scalar adapter /dev/shm/geo1b/run1m_stream/german_vpd_prop1b_adapter.pt
