[german-vpd] reusing cached protocol data /dev/shm/geo1b/run1m_stream/german_vpd_data.pt
[german-vpd] materialized components [989, 339, 1954, 1523, 445, 1658, 87, 1214]: 16/112 matrices
[german-vpd] materialized components [989, 339, 1954, 1523, 445, 1658, 87, 1214]: 32/112 matrices
[german-vpd] materialized components [989, 339, 1954, 1523, 445, 1658, 87, 1214]: 48/112 matrices
[german-vpd] materialized components [989, 339, 1954, 1523, 445, 1658, 87, 1214]: 64/112 matrices
[german-vpd] materialized components [989, 339, 1954, 1523, 445, 1658, 87, 1214]: 80/112 matrices
[german-vpd] materialized components [989, 339, 1954, 1523, 445, 1658, 87, 1214]: 96/112 matrices
[german-vpd] materialized components [989, 339, 1954, 1523, 445, 1658, 87, 1214]: 112/112 matrices
[german-vpd] components [989, 339, 1954, 1523, 445, 1658, 87, 1214] squared-weight mass fractions 3.458067e-05, 9.841036e-06, 5.277045e-05, 8.600463e-06, 1.440494e-05, 8.824937e-05, 4.274566e-05, 1.734130e-05; editors on ['cuda:1']
[german-vpd] warm-start scan over 146 vectors; most destructive: [-20,-20,-20,-20,-20,-20,-20,-20]:deCE=13.73/enKL=11.222, [-15,-15,-15,-15,-15,-15,-15,-15]:deCE=12.64/enKL=9.603, [-12,-12,-12,-12,-12,-12,-12,-12]:deCE=17.15/enKL=15.122, [+6.5,+6.5,+6.5,+6.5,+6.5,+6.5,+6.5,+6.5]:deCE=12.82/enKL=2.843, [+7,+7,+7,+7,+7,+7,+7,+7]:deCE=19.18/enKL=4.848, [+8,+8,+8,+8,+8,+8,+8,+8]:deCE=22.08/enKL=7.082, [+10,+10,+10,+10,+10,+10,+10,+10]:deCE=19.46/enKL=10.012, [+12,+12,+12,+12,+12,+12,+12,+12]:deCE=18.29/enKL=12.021
[german-vpd] warm-start inits lambda=0.1->[+6.5,+6.5,+6.5,+6.5,+6.5,+6.5,+6.5,+6.5], lambda=1->[+1,+6,+1,+1,+1,+1,+1,+1], lambda=10->[+1,+1,+1,+1,+1,+4,+1,+1], lambda=30->[+1,+1,+1,+1,+1,+1,+1,+1], lambda=100->[+1,+1,+1,+1,+1,+1,+1,+1]
[german-vpd] step 0000: lambda=0.1 alpha=[+6.4,+6.6,+6.4,+6.6,+6.6,+6.4,+6.4,+6.6] deCE=11.449 enKL=5.4329, lambda=1 alpha=[+1.1,+6.1,+0.9,+0.9,+0.9,+0.9,+0.9,+1.1] deCE=6.668 enKL=1.7638, lambda=10 alpha=[+1.1,+0.9,+0.9,+0.9,+1.1,+4.1,+0.9,+0.9] deCE=2.857 enKL=0.0123, lambda=30 alpha=[+1.1,+0.9,+0.9,+0.9,+1.1,+1.1,+1.1,+1.1] deCE=2.613 enKL=0.0000, lambda=100 alpha=[+1.1,+0.9,+0.9,+0.9,+1.1,+1.1,+1.1,+1.1] deCE=2.613 enKL=0.0000
[german-vpd] step 0025: lambda=0.1 alpha=[+6.25,+7.14,+5.75,+7.83,+6.98,+5.31,+5.9,+7.06] deCE=28.879 enKL=6.3724, lambda=1 alpha=[-0.523,+6.3,+0.131,+0.123,-0.414,-0.215,+0.4,+0.604] deCE=27.293 enKL=3.7827, lambda=10 alpha=[-0.147,-0.0412,+0.685,+0.731,+1.27,+4.55,-0.63,+1.08] deCE=3.286 enKL=0.0275, lambda=30 alpha=[+1.16,+0.769,+1.05,+1.04,+0.985,+1.22,+0.879,+1.18] deCE=2.890 enKL=0.0008, lambda=100 alpha=[+1.01,+0.912,+1.08,+1.04,+0.99,+1.04,+0.937,+1.01] deCE=2.883 enKL=0.0006
[german-vpd] step 0050: lambda=0.1 alpha=[+7.15,+6.94,+5.75,+9.31,+7.8,+4.13,+6,+6.68] deCE=17.037 enKL=2.9441, lambda=1 alpha=[-2.58,+6.31,-0.583,-1.13,-1.96,-1.2,-0.435,+0.0939] deCE=19.685 enKL=2.1653, lambda=10 alpha=[-0.645,+0.0849,+0.987,+0.854,+1.14,+4.6,-0.651,+0.96] deCE=3.078 enKL=0.0181, lambda=30 alpha=[+1.08,+0.787,+1.03,+0.94,+1,+1.2,+0.857,+1.18] deCE=2.657 enKL=0.0008, lambda=100 alpha=[+1.07,+0.957,+0.989,+1.05,+0.955,+1.06,+0.954,+1.03] deCE=2.657 enKL=0.0007
[german-vpd] step 0075: lambda=0.1 alpha=[+7.7,+7.07,+5.64,+9.08,+8.74,+3.29,+5.9,+6.39] deCE=19.127 enKL=0.7524, lambda=1 alpha=[-4.68,+6.23,-1.19,-2.64,-3.4,-1.96,-1.12,-0.378] deCE=11.044 enKL=0.4793, lambda=10 alpha=[-0.733,+0.101,+1.1,+0.857,+1.12,+4.59,-0.523,+0.83] deCE=3.066 enKL=0.0552, lambda=30 alpha=[+1.09,+0.774,+1.01,+1,+1.07,+1.2,+0.856,+1.16] deCE=2.625 enKL=0.0009, lambda=100 alpha=[+1.04,+0.907,+1.01,+0.943,+1.05,+1.1,+0.962,+1.12] deCE=2.625 enKL=0.0007
[german-vpd] step 0100: lambda=0.1 alpha=[+8.65,+6.95,+5.6,+9.01,+8.98,+2.77,+5.99,+6.19] deCE=17.865 enKL=3.7141, lambda=1 alpha=[-6.41,+6.14,-1.76,-4.03,-4.57,-2.62,-1.67,-0.745] deCE=13.681 enKL=2.4724, lambda=10 alpha=[-0.739,+0.122,+1.04,+0.843,+1.11,+4.61,-0.543,+0.887] deCE=3.084 enKL=0.0228, lambda=30 alpha=[+1.1,+0.764,+1.03,+1.01,+1.06,+1.22,+0.879,+1.1] deCE=2.614 enKL=0.0008, lambda=100 alpha=[+1.05,+0.968,+1,+1,+1.01,+1.05,+0.956,+1.02] deCE=2.615 enKL=0.0007
[german-vpd] step 0125: lambda=0.1 alpha=[+8.63,+7.1,+5.33,+8.38,+8.39,+2.42,+5.69,+5.93] deCE=27.454 enKL=3.3710, lambda=1 alpha=[-7.55,+6.19,-2.39,-5.32,-5.34,-3.35,-2.24,-0.948] deCE=28.352 enKL=2.4173, lambda=10 alpha=[-0.752,+0.12,+1.1,+0.873,+1.13,+4.59,-0.572,+0.873] deCE=3.301 enKL=0.0283, lambda=30 alpha=[+1.09,+0.748,+1.07,+1.04,+1.06,+1.23,+0.873,+1.1] deCE=2.888 enKL=0.0008, lambda=100 alpha=[+1.07,+0.916,+0.971,+1.01,+0.981,+1.04,+0.949,+1.08] deCE=2.884 enKL=0.0007
[german-vpd] step 0150: lambda=0.1 alpha=[+8.9,+6.98,+5.27,+8.59,+8.1,+2.15,+5.7,+5.76] deCE=15.736 enKL=1.7928, lambda=1 alpha=[-8.38,+6.12,-2.85,-6.69,-5.88,-3.89,-2.65,-1.15] deCE=18.826 enKL=1.3080, lambda=10 alpha=[-0.748,+0.104,+1.07,+0.883,+1.13,+4.61,-0.558,+0.893] deCE=3.081 enKL=0.0188, lambda=30 alpha=[+1.07,+0.73,+1.07,+1.04,+1.03,+1.23,+0.839,+1.13] deCE=2.660 enKL=0.0008, lambda=100 alpha=[+1.03,+0.915,+1.03,+1,+1.02,+1.11,+0.988,+1.03] deCE=2.658 enKL=0.0007
[german-vpd] step 0175: lambda=0.1 alpha=[+9.1,+7.18,+5.1,+8.28,+8.31,+1.87,+5.62,+5.71] deCE=21.674 enKL=0.6163, lambda=1 alpha=[-8.93,+6.15,-3.35,-8.51,-6.31,-4.46,-3.08,-1.23] deCE=14.806 enKL=0.5948, lambda=10 alpha=[-0.745,+0.115,+1.05,+0.903,+1.1,+4.6,-0.585,+0.979] deCE=3.067 enKL=0.0566, lambda=30 alpha=[+1.09,+0.778,+1.05,+0.961,+1.04,+1.21,+0.824,+1.14] deCE=2.626 enKL=0.0009, lambda=100 alpha=[+1,+0.922,+1.01,+1.02,+0.98,+1.05,+1,+1.05] deCE=2.624 enKL=0.0007
[german-vpd] step 0200: lambda=0.1 alpha=[+9.64,+7.18,+5.09,+8.49,+8.36,+1.64,+5.71,+5.63] deCE=20.779 enKL=3.7544, lambda=1 alpha=[-9.58,+6.08,-3.72,-10.4,-6.59,-4.87,-3.37,-1.31] deCE=14.402 enKL=2.3801, lambda=10 alpha=[-0.732,+0.126,+1.09,+0.859,+1.13,+4.6,-0.569,+0.933] deCE=3.081 enKL=0.0227, lambda=30 alpha=[+1.11,+0.768,+1.01,+1.01,+1.02,+1.19,+0.841,+1.14] deCE=2.615 enKL=0.0007, lambda=100 alpha=[+1.08,+0.931,+1.02,+0.97,+1.03,+1.08,+0.913,+1.1] deCE=2.617 enKL=0.0007
[german-vpd] step 0225: lambda=0.1 alpha=[+10.2,+6.99,+5.1,+8.74,+8.12,+1.57,+5.89,+5.6] deCE=22.626 enKL=1.4086, lambda=1 alpha=[-10.4,+5.97,-4.02,-12.1,-6.58,-5.17,-3.57,-1.34] deCE=23.984 enKL=1.0329, lambda=10 alpha=[-0.754,+0.117,+1.02,+0.853,+1.11,+4.61,-0.598,+0.929] deCE=3.302 enKL=0.0289, lambda=30 alpha=[+1.09,+0.754,+1.04,+1.03,+1.05,+1.22,+0.835,+1.11] deCE=2.889 enKL=0.0007, lambda=100 alpha=[+1.01,+0.926,+1.01,+1.07,+0.987,+1.06,+0.948,+1.05] deCE=2.883 enKL=0.0007
[german-vpd] step 0250: lambda=0.1 alpha=[+9.71,+7.29,+4.82,+8.54,+7.17,+1.36,+5.41,+5.36] deCE=18.159 enKL=2.3560, lambda=1 alpha=[-10.7,+6.02,-4.4,-13.4,-6.19,-5.5,-3.68,-1.08] deCE=17.710 enKL=0.9488, lambda=10 alpha=[-0.721,+0.0989,+1.08,+0.885,+1.09,+4.61,-0.587,+0.976] deCE=3.089 enKL=0.0188, lambda=30 alpha=[+1.1,+0.771,+1.06,+0.963,+1.06,+1.23,+0.849,+1.09] deCE=2.655 enKL=0.0008, lambda=100 alpha=[+1.05,+0.907,+1.07,+1.04,+1,+1.05,+0.911,+1.08] deCE=2.653 enKL=0.0007
[german-vpd] step 0275: lambda=0.1 alpha=[+10.2,+7.1,+4.9,+8.77,+6.96,+1.32,+5.59,+5.29] deCE=17.856 enKL=0.4238, lambda=1 alpha=[-10.6,+6.06,-4.74,-14.1,-5.52,-5.77,-3.68,-0.648] deCE=16.264 enKL=0.5863, lambda=10 alpha=[-0.742,+0.121,+1.09,+0.877,+1.11,+4.59,-0.603,+0.893] deCE=3.064 enKL=0.0557, lambda=30 alpha=[+1.12,+0.763,+1.05,+1.04,+1.02,+1.23,+0.849,+1.09] deCE=2.629 enKL=0.0009, lambda=100 alpha=[+1.06,+0.943,+0.997,+1.04,+0.92,+1.05,+0.961,+1.16] deCE=2.622 enKL=0.0007
[german-vpd] step 0300: lambda=0.1 alpha=[+9.87,+7.32,+4.68,+8.38,+6.36,+1.18,+5.27,+5.06] deCE=22.495 enKL=4.0472, lambda=1 alpha=[-10.6,+5.99,-5.03,-14.2,-4.78,-5.94,-3.57,-0.208] deCE=13.057 enKL=2.0151, lambda=10 alpha=[-0.783,+0.0996,+1.08,+0.879,+1.11,+4.59,-0.568,+0.899] deCE=3.080 enKL=0.0227, lambda=30 alpha=[+1.14,+0.765,+1.01,+1.03,+1.02,+1.21,+0.875,+1.14] deCE=2.615 enKL=0.0008, lambda=100 alpha=[+1.01,+0.93,+1.06,+1.07,+1.01,+1.1,+0.932,+1.05] deCE=2.615 enKL=0.0007
[german-vpd] step 0325: lambda=0.1 alpha=[+10.1,+7.25,+4.71,+8.66,+5.93,+1.1,+5.32,+4.89] deCE=27.152 enKL=2.3961, lambda=1 alpha=[-10.5,+5.96,-5.29,-14.4,-4.36,-6.1,-3.5,+0.254] deCE=23.234 enKL=0.6379, lambda=10 alpha=[-0.756,+0.0961,+1.1,+0.911,+1.08,+4.61,-0.55,+0.886] deCE=3.304 enKL=0.0287, lambda=30 alpha=[+1.11,+0.775,+1.04,+1.03,+1.1,+1.2,+0.871,+1.15] deCE=2.889 enKL=0.0008, lambda=100 alpha=[+1.04,+0.919,+0.982,+0.985,+1.03,+1.09,+0.995,+1.01] deCE=2.885 enKL=0.0007
[german-vpd] step 0350: lambda=0.1 alpha=[+10.5,+7.06,+4.8,+8.79,+5.75,+1.1,+5.5,+4.81] deCE=12.034 enKL=0.8149, lambda=1 alpha=[-10.4,+5.91,-5.52,-14.5,-4.13,-6.23,-3.43,+0.622] deCE=16.373 enKL=1.0730, lambda=10 alpha=[-0.741,+0.119,+1.1,+0.886,+1.1,+4.58,-0.568,+0.904] deCE=3.073 enKL=0.0178, lambda=30 alpha=[+1.1,+0.756,+1.04,+0.992,+0.985,+1.22,+0.838,+1.13] deCE=2.655 enKL=0.0008, lambda=100 alpha=[+1.06,+0.931,+0.964,+0.995,+0.966,+1.06,+0.932,+1.07] deCE=2.657 enKL=0.0007
[german-vpd] step 0375: lambda=0.1 alpha=[+10,+7.41,+4.58,+8.37,+5.06,+0.87,+5.07,+4.41] deCE=27.815 enKL=0.5995, lambda=1 alpha=[-10.2,+5.91,-5.77,-14.7,-4,-6.4,-3.38,+0.989] deCE=12.515 enKL=0.4782, lambda=10 alpha=[-0.754,+0.126,+1.1,+0.869,+1.12,+4.59,-0.601,+0.847] deCE=3.066 enKL=0.0560, lambda=30 alpha=[+1.13,+0.757,+1.03,+0.99,+1.03,+1.19,+0.865,+1.13] deCE=2.623 enKL=0.0008, lambda=100 alpha=[+1.03,+0.964,+0.983,+1.02,+0.924,+1.05,+0.974,+1.04] deCE=2.623 enKL=0.0007
[german-vpd] step 0399: lambda=0.1 alpha=[+10.4,+7.23,+4.7,+8.77,+4.84,+0.875,+5.29,+4.28] deCE=21.046 enKL=0.4077, lambda=1 alpha=[-10,+5.88,-5.98,-14.9,-3.94,-6.53,-3.33,+1.27] deCE=13.436 enKL=0.4811, lambda=10 alpha=[-0.812,+0.105,+1.08,+0.86,+1.08,+4.59,-0.595,+0.902] deCE=3.065 enKL=0.0569, lambda=30 alpha=[+1.15,+0.763,+1.04,+1,+1.06,+1.22,+0.853,+1.14] deCE=2.625 enKL=0.0009, lambda=100 alpha=[+1.07,+0.908,+0.969,+0.972,+1.02,+1.04,+0.926,+1.09] deCE=2.626 enKL=0.0007
[german-vpd] selected source=refine, alpha=[+5.5,+5.7,+5.5,+5.5,+5.5,+5.5,+5.5,+5.5]; dev dCE de/en=+1.986/+0.094
[german-vpd] eval german_europarl: CE 2.664 -> 3.887 (+1.223), KL=1.3089
[german-vpd] eval english_pile: CE 2.096 -> 2.626 (+0.530), KL=0.5275
[german-vpd] eval english_europarl: CE 3.041 -> 3.092 (+0.052), KL=0.2238
[german-vpd] eval french_europarl: CE 2.527 -> 3.341 (+0.814), KL=0.9367
[german-vpd] eval spanish_europarl: CE 2.836 -> 3.473 (+0.637), KL=0.8109
[german-vpd] eval italian_europarl: CE 2.523 -> 3.275 (+0.752), KL=0.8565
[german-vpd] eval codeparrot: CE 1.697 -> 2.094 (+0.397), KL=0.4226
[german-vpd] literal weight-edit equivalence: max |delta logit|=2.500e-01
[german-vpd] wrote result /dev/shm/geo1b/run1m_stream/german_vpd_prop1b_k8.json
[german-vpd] wrote replayable scalar adapter /dev/shm/geo1b/run1m_stream/german_vpd_prop1b_k8_adapter.pt
