Traceback (most recent call last):
  File "/workspace/param-clustering/geo-attribution/german_vpd_guard.py", line 241, in <module>
    main()
  File "/workspace/param-clustering/geo-attribution/german_vpd_guard.py", line 84, in main
    source = json.loads((args.run_dir / args.result_name).read_text())
                        ^^^^^^^^^^^^^^^^^^^^^^^^^^^^^^^^^^^^^^^^^^^^^
  File "/usr/lib/python3.12/pathlib.py", line 1029, in read_text
    with self.open(mode='r', encoding=encoding, errors=errors) as f:
         ^^^^^^^^^^^^^^^^^^^^^^^^^^^^^^^^^^^^^^^^^^^^^^^^^^^^^
  File "/usr/lib/python3.12/pathlib.py", line 1015, in open
    return io.open(self, mode, buffering, encoding, errors, newline)
           ^^^^^^^^^^^^^^^^^^^^^^^^^^^^^^^^^^^^^^^^^^^^^^^^^^^^^^^^^
FileNotFoundError: [Errno 2] No such file or directory: '/dev/shm/geo1b/fl32_streamC8192/german_32k_guarded.json'
Traceback (most recent call last):
  File "/workspace/param-clustering/geo-attribution/german_vpd_guard.py", line 241, in <module>
    main()
  File "/workspace/param-clustering/geo-attribution/german_vpd_guard.py", line 84, in main
    source = json.loads((args.run_dir / args.result_name).read_text())
                        ^^^^^^^^^^^^^^^^^^^^^^^^^^^^^^^^^^^^^^^^^^^^^
  File "/usr/lib/python3.12/pathlib.py", line 1029, in read_text
    with self.open(mode='r', encoding=encoding, errors=errors) as f:
         ^^^^^^^^^^^^^^^^^^^^^^^^^^^^^^^^^^^^^^^^^^^^^^^^^^^^^
  File "/usr/lib/python3.12/pathlib.py", line 1015, in open
    return io.open(self, mode, buffering, encoding, errors, newline)
           ^^^^^^^^^^^^^^^^^^^^^^^^^^^^^^^^^^^^^^^^^^^^^^^^^^^^^^^^^
FileNotFoundError: [Errno 2] No such file or directory: '/dev/shm/geo1b/fl32_streamC8192/german_vpd_prop1b.json'
