+ cd /workspace/param-clustering/geo-attribution
+ CUDA_VISIBLE_DEVICES=0
+ python3.12 german_vpd_1b.py --tag run1b_stream --rank_only
[german-vpd] streaming 5632 aligned German/English Europarl tokens
Repo card metadata block was not found. Setting CardData to empty.
[german-vpd] cached protocol data at /dev/shm/geo1b/run1b_stream/german_vpd_data.pt
[german-vpd] selected component 1014; top German-specific candidates [1014, 337, 1555, 560, 1029] (0.9s)
[german-vpd] rank-only run complete: /dev/shm/geo1b/run1b_stream/german_vpd_ranking.json
+ test -f /dev/shm/geo1b/run1b_stream/german_vpd_ranking.json
++ python3.12 -c '
import json
d=json.load(open('\''/dev/shm/geo1b/run1b_stream/german_vpd_ranking.json'\''))
print('\'' '\''.join(str(r['\''component'\'']) for r in d['\''inspected_candidates'\''][:6]))'
+ COMPS='1014 337 1555 560 1029 364'
+ echo 'TOP6=1014 337 1555 560 1029 364'
TOP6=1014 337 1555 560 1029 364
+ python3.12 german_vpd_1b.py --tag run1b_stream --components 1014 337 1555 560 1029 364 --kl_lambdas 0.1 1.0 10.0 30.0 100.0
[german-vpd] reusing cached protocol data /dev/shm/geo1b/run1b_stream/german_vpd_data.pt
[german-vpd] materialized components [1014, 337, 1555, 560, 1029, 364]: 16/112 matrices
[german-vpd] materialized components [1014, 337, 1555, 560, 1029, 364]: 32/112 matrices
[german-vpd] materialized components [1014, 337, 1555, 560, 1029, 364]: 48/112 matrices
[german-vpd] materialized components [1014, 337, 1555, 560, 1029, 364]: 64/112 matrices
[german-vpd] materialized components [1014, 337, 1555, 560, 1029, 364]: 80/112 matrices
[german-vpd] materialized components [1014, 337, 1555, 560, 1029, 364]: 96/112 matrices
[german-vpd] materialized components [1014, 337, 1555, 560, 1029, 364]: 112/112 matrices
[german-vpd] replicated component editor on cuda:1
[german-vpd] components [1014, 337, 1555, 560, 1029, 364] squared-weight mass fractions 4.436438e-05, 9.179447e-05, 6.029899e-06, 2.441731e-05, 3.216714e-06, 4.841487e-05; editors on ['cuda:0', 'cuda:1']
[german-vpd] warm-start scan over 116 vectors; most destructive: [-20,-20,-20,-20,-20,-20]:deCE=13.89/enKL=10.101, [+10,+10,+10,+10,+10,+10]:deCE=12.30/enKL=1.232, [+12,+12,+12,+12,+12,+12]:deCE=13.19/enKL=3.618, [+15,+15,+15,+15,+15,+15]:deCE=13.76/enKL=10.104, [+20,+20,+20,+20,+20,+20]:deCE=15.04/enKL=12.374, [-20,+1,+1,+1,+1,+1]:deCE=12.21/enKL=7.339, [+12,+1,+1,+1,+1,+1]:deCE=12.08/enKL=2.312, [+20,+1,+1,+1,+1,+1]:deCE=20.03/enKL=15.969
[german-vpd] warm-start inits lambda=0.1->[+10,+10,+10,+10,+10,+10], lambda=1->[+10,+10,+10,+10,+10,+10], lambda=10->[+8,+1,+1,+1,+1,+1], lambda=30->[+1,+1,+1,+1,+20,+1], lambda=100->[+1,+1,+1,+1,+1,+1]
[german-vpd] step 0000: lambda=0.1 alpha=[+9.9,+9.9,+9.9,+9.9,+9.9,+10.1] deCE=11.685 enKL=1.2130, lambda=1 alpha=[+9.9,+9.9,+9.9,+9.9,+9.9,+10.1] deCE=11.685 enKL=1.2130, lambda=10 alpha=[+8.1,+0.9,+1.1,+0.9,+0.9,+1.1] deCE=5.216 enKL=0.0591, lambda=30 alpha=[+0.9,+0.9,+0.9,+1.1,+20.1,+0.9] deCE=3.946 enKL=0.0131, lambda=100 alpha=[+0.9,+0.9,+0.9,+0.9,+1.1,+1.1] deCE=2.613 enKL=0.0000
[german-vpd] step 0025: lambda=0.1 alpha=[+10.2,+9.64,+8.98,+8.54,+9.03,+10.9] deCE=13.095 enKL=0.8545, lambda=1 alpha=[+9.3,+8.44,+8.89,+7.84,+8.74,+11.2] deCE=12.462 enKL=0.5436, lambda=10 alpha=[+10.1,-0.435,+1.58,+0.568,+0.818,+2.22] deCE=7.163 enKL=0.1354, lambda=30 alpha=[-1.44,+0.369,-0.462,+1.81,+22.5,-0.624] deCE=6.177 enKL=0.0419, lambda=100 alpha=[+1.02,+0.985,+0.881,+1.06,+1.17,+1.08] deCE=2.885 enKL=0.0007
[german-vpd] step 0050: lambda=0.1 alpha=[+10.2,+9.12,+8.84,+7.81,+8.92,+10.9] deCE=12.874 enKL=1.1204, lambda=1 alpha=[+9.02,+8.25,+7.92,+6.3,+7.6,+12.2] deCE=13.159 enKL=0.7462, lambda=10 alpha=[+9.84,-0.157,+0.506,+2.56,+2.03,+3.22] deCE=7.359 enKL=0.1835, lambda=30 alpha=[-2.16,+0.589,-0.674,+2.35,+24.8,-0.269] deCE=6.412 enKL=0.0749, lambda=100 alpha=[+1.02,+0.948,+0.903,+1.04,+1.41,+1.04] deCE=2.655 enKL=0.0007
[german-vpd] step 0075: lambda=0.1 alpha=[+9.76,+8.68,+8.45,+7.01,+8.55,+11.2] deCE=12.201 enKL=0.7970, lambda=1 alpha=[+8.91,+7.73,+7.54,+5.04,+6.97,+12.6] deCE=12.341 enKL=0.5364, lambda=10 alpha=[+9.91,-0.524,+0.673,+3.73,+2.84,+3.17] deCE=9.187 enKL=0.3092, lambda=30 alpha=[-2,+0.947,-0.194,+2.84,+26.6,+0.511] deCE=7.085 enKL=0.0571, lambda=100 alpha=[+1.01,+0.944,+0.942,+1.02,+1.37,+1.01] deCE=2.627 enKL=0.0008
[german-vpd] step 0100: lambda=0.1 alpha=[+9.74,+8.59,+8.3,+6.36,+8.2,+11.6] deCE=11.888 enKL=0.7175, lambda=1 alpha=[+9.08,+6.84,+7.53,+3.95,+6.5,+13] deCE=11.868 enKL=0.4507, lambda=10 alpha=[+9.94,-0.516,+0.349,+5.11,+3.53,+3.24] deCE=7.268 enKL=0.1902, lambda=30 alpha=[-1.85,+0.866,+0.347,+2.73,+27.8,+1.22] deCE=7.404 enKL=0.0527, lambda=100 alpha=[+1.02,+0.956,+0.903,+1,+1.29,+1.03] deCE=2.616 enKL=0.0007
[german-vpd] step 0125: lambda=0.1 alpha=[+9.74,+8.51,+8.12,+5.77,+7.87,+12] deCE=13.232 enKL=0.5889, lambda=1 alpha=[+8.94,+6.08,+7.5,+3.14,+6.23,+13.1] deCE=13.268 enKL=0.2865, lambda=10 alpha=[+9.95,-0.787,+0.302,+6.32,+4.17,+3.12] deCE=7.204 enKL=0.1465, lambda=30 alpha=[-1.71,+0.887,+0.952,+2.55,+28.4,+1.45] deCE=8.273 enKL=0.0726, lambda=100 alpha=[+1.02,+0.997,+0.838,+1.02,+1.21,+1.08] deCE=2.886 enKL=0.0007
[german-vpd] step 0150: lambda=0.1 alpha=[+9.62,+8.44,+7.89,+5.32,+7.62,+12.2] deCE=13.382 enKL=0.8703, lambda=1 alpha=[+8.68,+5.47,+7.49,+2.52,+6.07,+13.1] deCE=12.510 enKL=0.3643, lambda=10 alpha=[+9.96,-1.16,+0.213,+7.61,+4.74,+2.98] deCE=7.814 enKL=0.2317, lambda=30 alpha=[-1.68,+0.954,+1.65,+2.54,+28.6,+1.33] deCE=7.546 enKL=0.0990, lambda=100 alpha=[+1.01,+0.936,+0.895,+1.06,+1.22,+1.03] deCE=2.656 enKL=0.0007
[german-vpd] step 0175: lambda=0.1 alpha=[+9.5,+8.27,+7.91,+4.93,+7.46,+12.3] deCE=12.527 enKL=0.6903, lambda=1 alpha=[+8.77,+5.13,+7.01,+1.98,+5.92,+13.1] deCE=12.106 enKL=0.3778, lambda=10 alpha=[+10.1,-1.36,-0.498,+7.88,+5.43,+2.58] deCE=10.293 enKL=0.3528, lambda=30 alpha=[-1.63,+0.953,+1.89,+2.52,+28.6,+1.31] deCE=7.657 enKL=0.0770, lambda=100 alpha=[+1.04,+0.932,+0.958,+0.976,+1.31,+1.01] deCE=2.621 enKL=0.0007
[german-vpd] step 0200: lambda=0.1 alpha=[+9.26,+8.26,+7.78,+4.51,+7.21,+12.6] deCE=12.202 enKL=0.6259, lambda=1 alpha=[+8.15,+5.08,+6.79,+1.44,+5.8,+13.4] deCE=11.804 enKL=0.3014, lambda=10 alpha=[+10.1,-1.16,-1.52,+7.76,+6.11,+2.32] deCE=7.680 enKL=0.2145, lambda=30 alpha=[-1.66,+0.963,+1.84,+2.55,+28.6,+1.26] deCE=7.630 enKL=0.0614, lambda=100 alpha=[+1.05,+0.927,+0.957,+1.03,+1.21,+1.06] deCE=2.615 enKL=0.0006
[german-vpd] step 0225: lambda=0.1 alpha=[+9,+8.08,+7.71,+4.16,+7.07,+12.7] deCE=13.464 enKL=0.4972, lambda=1 alpha=[+8.59,+5.12,+6.5,+0.944,+5.55,+13.7] deCE=13.195 enKL=0.2546, lambda=10 alpha=[+10.1,-1.04,-1.91,+7.43,+6.73,+2.2] deCE=7.403 enKL=0.1635, lambda=30 alpha=[-1.62,+0.977,+1.84,+2.53,+28.6,+1.31] deCE=8.337 enKL=0.0751, lambda=100 alpha=[+1.01,+0.955,+0.938,+1.03,+1.22,+1.04] deCE=2.885 enKL=0.0007
[german-vpd] step 0250: lambda=0.1 alpha=[+8.79,+7.69,+7.72,+3.92,+7.06,+12.6] deCE=13.188 enKL=0.6103, lambda=1 alpha=[+8.43,+4.87,+6.32,+0.678,+5.37,+13.4] deCE=12.290 enKL=0.3360, lambda=10 alpha=[+9.88,-0.988,-2.77,+7.98,+7.27,+2.46] deCE=7.732 enKL=0.2387, lambda=30 alpha=[-1.66,+1.03,+1.85,+2.52,+28.7,+1.29] deCE=7.541 enKL=0.0993, lambda=100 alpha=[+1.07,+0.977,+0.808,+0.96,+1.5,+1.1] deCE=2.656 enKL=0.0007
[german-vpd] step 0275: lambda=0.1 alpha=[+9.42,+8.02,+7.8,+3.46,+6.77,+13] deCE=12.888 enKL=0.6699, lambda=1 alpha=[+8.43,+4.94,+5.93,+0.298,+5.12,+13.5] deCE=12.109 enKL=0.3710, lambda=10 alpha=[+10.3,-1.26,-2.61,+7.69,+8.04,+1.86] deCE=10.597 enKL=0.3545, lambda=30 alpha=[-1.66,+1.04,+1.93,+2.51,+28.7,+1.25] deCE=7.654 enKL=0.0766, lambda=100 alpha=[+1.03,+0.95,+0.899,+0.985,+1.32,+1.04] deCE=2.624 enKL=0.0007
[german-vpd] step 0300: lambda=0.1 alpha=[+9.34,+7.81,+7.75,+3.16,+6.7,+13] deCE=12.192 enKL=0.5955, lambda=1 alpha=[+8.36,+4.81,+5.75,+0.0671,+4.99,+13.4] deCE=11.801 enKL=0.2941, lambda=10 alpha=[+9.99,-1.12,-3.17,+8.1,+8.67,+2.09] deCE=7.647 enKL=0.2251, lambda=30 alpha=[-1.64,+0.946,+1.94,+2.51,+28.6,+1.3] deCE=7.632 enKL=0.0590, lambda=100 alpha=[+1.02,+0.933,+0.859,+1.04,+1.3,+1.08] deCE=2.615 enKL=0.0006
[german-vpd] step 0325: lambda=0.1 alpha=[+9.08,+7.47,+7.78,+2.91,+6.7,+12.9] deCE=13.521 enKL=0.4090, lambda=1 alpha=[+8.24,+4.75,+5.52,-0.153,+4.8,+13.4] deCE=12.352 enKL=0.2190, lambda=10 alpha=[+10.2,-1.56,-3.11,+7.97,+9.47,+1.86] deCE=7.688 enKL=0.1808, lambda=30 alpha=[-1.64,+0.977,+1.91,+2.56,+28.6,+1.27] deCE=8.303 enKL=0.0739, lambda=100 alpha=[+1.06,+0.949,+0.86,+1.01,+1.4,+1.04] deCE=2.884 enKL=0.0007
[german-vpd] step 0350: lambda=0.1 alpha=[+9.19,+7.18,+7.68,+2.46,+6.54,+13.1] deCE=13.646 enKL=0.5800, lambda=1 alpha=[+8.47,+4.88,+5.28,-0.474,+4.6,+13.7] deCE=12.656 enKL=0.3601, lambda=10 alpha=[+10,-1.23,-3.56,+7.96,+10.2,+2.13] deCE=7.939 enKL=0.2514, lambda=30 alpha=[-1.64,+0.999,+1.9,+2.57,+28.6,+1.24] deCE=7.528 enKL=0.0993, lambda=100 alpha=[+1.05,+0.951,+0.913,+0.968,+1.2,+1.04] deCE=2.657 enKL=0.0007
[german-vpd] step 0375: lambda=0.1 alpha=[+9.21,+6.95,+7.62,+2.05,+6.4,+13.3] deCE=12.847 enKL=0.5239, lambda=1 alpha=[+8.26,+4.66,+5.26,-0.56,+4.56,+13.5] deCE=11.764 enKL=0.3458, lambda=10 alpha=[+9.88,-1.24,-3.79,+7.78,+11,+2.16] deCE=10.111 enKL=0.3319, lambda=30 alpha=[-1.62,+0.973,+1.84,+2.56,+28.6,+1.28] deCE=7.674 enKL=0.0751, lambda=100 alpha=[+0.986,+0.973,+0.9,+1.04,+1.24,+1.06] deCE=2.624 enKL=0.0007
[german-vpd] step 0399: lambda=0.1 alpha=[+9.01,+6.71,+7.61,+1.88,+6.38,+13.2] deCE=12.773 enKL=0.4834, lambda=1 alpha=[+8.48,+4.76,+5.11,-0.768,+4.51,+13.6] deCE=12.144 enKL=0.3646, lambda=10 alpha=[+9.94,-1.09,-3.96,+7.79,+11.9,+2.04] deCE=10.230 enKL=0.3254, lambda=30 alpha=[-1.67,+1.02,+1.91,+2.57,+28.6,+1.27] deCE=7.673 enKL=0.0753, lambda=100 alpha=[+1.01,+0.972,+0.806,+1.07,+1.22,+1.05] deCE=2.623 enKL=0.0007
[german-vpd] selected source=refine, alpha=[+9,+1,+1,+1,+1,+1]; dev dCE de/en=+4.460/+0.087
[german-vpd] eval german_europarl: CE 2.664 -> 6.512 (+3.848), KL=3.9283
[german-vpd] eval english_pile: CE 2.070 -> 2.193 (+0.122), KL=0.1124
[german-vpd] eval english_europarl: CE 3.041 -> 3.116 (+0.075), KL=0.0869
[german-vpd] eval french_europarl: CE 2.527 -> 12.061 (+9.534), KL=9.8133
[german-vpd] eval spanish_europarl: CE 2.836 -> 12.098 (+9.263), KL=9.5456
[german-vpd] eval italian_europarl: CE 2.523 -> 12.892 (+10.369), KL=10.5035
[german-vpd] eval codeparrot: CE 1.697 -> 1.785 (+0.088), KL=0.0928
[german-vpd] literal weight-edit equivalence: max |delta logit|=0.000e+00
[german-vpd] wrote result /dev/shm/geo1b/run1b_stream/german_vpd_prop1b_k6.json
[german-vpd] wrote replayable scalar adapter /dev/shm/geo1b/run1b_stream/german_vpd_prop1b_k6_adapter.pt
+ echo GERMAN_RUN1B_DONE
GERMAN_RUN1B_DONE
