[german-vpd] reusing cached protocol data /dev/shm/geo1b/run1m_stream/german_vpd_data.pt
[german-vpd] materialized components [989, 339]: 16/112 matrices
[german-vpd] materialized components [989, 339]: 32/112 matrices
[german-vpd] materialized components [989, 339]: 48/112 matrices
[german-vpd] materialized components [989, 339]: 64/112 matrices
[german-vpd] materialized components [989, 339]: 80/112 matrices
[german-vpd] materialized components [989, 339]: 96/112 matrices
[german-vpd] materialized components [989, 339]: 112/112 matrices
[german-vpd] replicated component editor on cuda:1
[german-vpd] components [989, 339] squared-weight mass fractions 3.458067e-05, 9.841036e-06; editors on ['cuda:0', 'cuda:1']
[german-vpd] warm-start scan over 256 vectors; most destructive: [-20,-20]:deCE=14.95/enKL=11.594, [-20,-12]:deCE=16.46/enKL=18.010, [-20,+8]:deCE=28.06/enKL=8.753, [-20,+12]:deCE=20.09/enKL=22.116, [-20,+20]:deCE=16.65/enKL=13.826, [-12,-20]:deCE=14.85/enKL=11.053, [-12,+6.5]:deCE=20.30/enKL=2.481, [-12,+8]:deCE=30.88/enKL=12.654
[german-vpd] warm-start inits lambda=0.1->[+8,+6.5], lambda=1->[+8,+6.5], lambda=10->[-12,+6], lambda=30->[+1,+1], lambda=100->[+1,+1]
[german-vpd] step 0000: lambda=0.1 alpha=[+8.1,+6.4] deCE=14.186 enKL=2.7026, lambda=1 alpha=[+8.1,+6.4] deCE=14.186 enKL=2.7026, lambda=10 alpha=[-12.1,+5.9] deCE=5.167 enKL=1.4818, lambda=30 alpha=[+1.1,+0.9] deCE=2.613 enKL=0.0000, lambda=100 alpha=[+1.1,+0.9] deCE=2.613 enKL=0.0000
[german-vpd] step 0025: lambda=0.1 alpha=[+7.75,+6.87] deCE=30.482 enKL=6.5845, lambda=1 alpha=[+8.47,+6.5] deCE=22.871 enKL=2.8409, lambda=10 alpha=[-12.9,+5.83] deCE=9.487 enKL=0.2440, lambda=30 alpha=[+1.15,+0.778] deCE=2.885 enKL=0.0007, lambda=100 alpha=[+1.07,+0.89] deCE=2.887 enKL=0.0006
[german-vpd] step 0050: lambda=0.1 alpha=[+7.97,+6.66] deCE=17.158 enKL=2.1314, lambda=1 alpha=[+9.45,+6.6] deCE=11.480 enKL=0.9777, lambda=10 alpha=[-13.2,+5.82] deCE=12.179 enKL=0.1982, lambda=30 alpha=[+1.14,+0.748] deCE=2.654 enKL=0.0007, lambda=100 alpha=[+1.04,+0.909] deCE=2.653 enKL=0.0007
[german-vpd] step 0075: lambda=0.1 alpha=[+8.1,+6.83] deCE=19.504 enKL=0.5266, lambda=1 alpha=[+9.91,+6.79] deCE=15.856 enKL=0.3064, lambda=10 alpha=[-13.1,+5.83] deCE=3.169 enKL=0.1784, lambda=30 alpha=[+1.16,+0.773] deCE=2.624 enKL=0.0007, lambda=100 alpha=[+1.04,+0.936] deCE=2.622 enKL=0.0007
[german-vpd] step 0100: lambda=0.1 alpha=[+8.45,+6.71] deCE=18.151 enKL=3.2250, lambda=1 alpha=[+10.3,+6.79] deCE=15.338 enKL=2.9467, lambda=10 alpha=[-13.1,+5.82] deCE=3.363 enKL=1.1096, lambda=30 alpha=[+1.11,+0.782] deCE=2.615 enKL=0.0007, lambda=100 alpha=[+1.05,+0.916] deCE=2.612 enKL=0.0007
[german-vpd] step 0125: lambda=0.1 alpha=[+8.67,+6.89] deCE=29.179 enKL=5.5117, lambda=1 alpha=[+10.5,+6.78] deCE=23.581 enKL=1.9509, lambda=10 alpha=[-13.1,+5.83] deCE=8.553 enKL=0.2229, lambda=30 alpha=[+1.1,+0.792] deCE=2.886 enKL=0.0007, lambda=100 alpha=[+1.07,+0.925] deCE=2.881 enKL=0.0007
[german-vpd] step 0150: lambda=0.1 alpha=[+9.13,+6.81] deCE=16.317 enKL=2.1806, lambda=1 alpha=[+10.7,+6.82] deCE=10.886 enKL=0.8857, lambda=10 alpha=[-13.1,+5.83] deCE=12.907 enKL=0.2202, lambda=30 alpha=[+1.09,+0.781] deCE=2.654 enKL=0.0007, lambda=100 alpha=[+0.992,+0.903] deCE=2.654 enKL=0.0007
[german-vpd] step 0175: lambda=0.1 alpha=[+9.23,+6.82] deCE=17.382 enKL=0.3585, lambda=1 alpha=[+10.9,+6.9] deCE=17.714 enKL=0.2524, lambda=10 alpha=[-13.1,+5.83] deCE=3.169 enKL=0.1784, lambda=30 alpha=[+1.15,+0.792] deCE=2.624 enKL=0.0007, lambda=100 alpha=[+1.09,+0.941] deCE=2.624 enKL=0.0007
[german-vpd] step 0200: lambda=0.1 alpha=[+9.22,+6.81] deCE=18.717 enKL=3.2584, lambda=1 alpha=[+11.1,+7] deCE=16.588 enKL=3.0346, lambda=10 alpha=[-13.2,+5.82] deCE=3.331 enKL=1.0982, lambda=30 alpha=[+1.18,+0.788] deCE=2.615 enKL=0.0007, lambda=100 alpha=[+1.07,+0.936] deCE=2.613 enKL=0.0006
[german-vpd] step 0225: lambda=0.1 alpha=[+9.34,+6.76] deCE=25.455 enKL=3.0656, lambda=1 alpha=[+11.5,+6.99] deCE=23.980 enKL=1.2566, lambda=10 alpha=[-13.2,+5.81] deCE=8.813 enKL=0.2273, lambda=30 alpha=[+1.12,+0.769] deCE=2.882 enKL=0.0007, lambda=100 alpha=[+1.05,+0.958] deCE=2.884 enKL=0.0006
[german-vpd] step 0250: lambda=0.1 alpha=[+9.22,+6.83] deCE=16.561 enKL=1.9367, lambda=1 alpha=[+11.7,+7.07] deCE=12.180 enKL=0.6652, lambda=10 alpha=[-13.1,+5.81] deCE=12.190 enKL=0.2170, lambda=30 alpha=[+1.11,+0.775] deCE=2.655 enKL=0.0007, lambda=100 alpha=[+1.02,+0.936] deCE=2.655 enKL=0.0007
[german-vpd] step 0275: lambda=0.1 alpha=[+9.44,+6.69] deCE=12.765 enKL=0.2551, lambda=1 alpha=[+12.1,+7.1] deCE=21.323 enKL=0.2699, lambda=10 alpha=[-13.2,+5.85] deCE=3.195 enKL=0.1793, lambda=30 alpha=[+1.1,+0.767] deCE=2.623 enKL=0.0007, lambda=100 alpha=[+1.08,+0.935] deCE=2.622 enKL=0.0007
[german-vpd] step 0300: lambda=0.1 alpha=[+9.2,+6.86] deCE=19.998 enKL=3.4312, lambda=1 alpha=[+12.2,+7.15] deCE=16.178 enKL=3.0645, lambda=10 alpha=[-13.3,+5.89] deCE=3.576 enKL=1.1548, lambda=30 alpha=[+1.15,+0.797] deCE=2.613 enKL=0.0007, lambda=100 alpha=[+1.08,+0.927] deCE=2.613 enKL=0.0006
[german-vpd] step 0325: lambda=0.1 alpha=[+9.56,+6.6] deCE=22.047 enKL=2.0160, lambda=1 alpha=[+12.2,+7.11] deCE=22.859 enKL=0.6861, lambda=10 alpha=[-13.3,+5.78] deCE=7.416 enKL=0.2058, lambda=30 alpha=[+1.16,+0.776] deCE=2.883 enKL=0.0007, lambda=100 alpha=[+1.03,+0.967] deCE=2.884 enKL=0.0006
[german-vpd] step 0350: lambda=0.1 alpha=[+9.18,+6.88] deCE=17.107 enKL=2.1448, lambda=1 alpha=[+12.1,+7.14] deCE=11.321 enKL=0.5494, lambda=10 alpha=[-13.2,+5.82] deCE=12.179 enKL=0.1982, lambda=30 alpha=[+1.11,+0.785] deCE=2.657 enKL=0.0007, lambda=100 alpha=[+1.07,+0.898] deCE=2.657 enKL=0.0006
[german-vpd] step 0375: lambda=0.1 alpha=[+9.52,+6.61] deCE=11.786 enKL=0.2474, lambda=1 alpha=[+12.2,+7.15] deCE=20.679 enKL=0.2666, lambda=10 alpha=[-13.1,+5.83] deCE=3.169 enKL=0.1784, lambda=30 alpha=[+1.16,+0.771] deCE=2.621 enKL=0.0007, lambda=100 alpha=[+1,+0.906] deCE=2.624 enKL=0.0007
[german-vpd] step 0399: lambda=0.1 alpha=[+9.16,+6.9] deCE=20.828 enKL=0.4559, lambda=1 alpha=[+12.3,+7.12] deCE=20.499 enKL=0.2654, lambda=10 alpha=[-13.1,+5.83] deCE=3.169 enKL=0.1784, lambda=30 alpha=[+1.14,+0.763] deCE=2.620 enKL=0.0007, lambda=100 alpha=[+1.09,+0.937] deCE=2.625 enKL=0.0007
[german-vpd] selected source=refine, alpha=[+6.3,+5.5]; dev dCE de/en=+1.631/+0.086
[german-vpd] eval german_europarl: CE 2.664 -> 3.361 (+0.697), KL=0.7051
[german-vpd] eval english_pile: CE 2.096 -> 2.239 (+0.143), KL=0.1428
[german-vpd] eval english_europarl: CE 3.041 -> 3.073 (+0.032), KL=0.0420
[german-vpd] eval french_europarl: CE 2.527 -> 3.023 (+0.496), KL=0.5085
[german-vpd] eval spanish_europarl: CE 2.836 -> 3.407 (+0.571), KL=0.6035
[german-vpd] eval italian_europarl: CE 2.523 -> 2.821 (+0.298), KL=0.3188
[german-vpd] eval codeparrot: CE 1.697 -> 1.726 (+0.029), KL=0.0393
[german-vpd] literal weight-edit equivalence: max |delta logit|=1.250e-01
[german-vpd] wrote result /dev/shm/geo1b/run1m_stream/german_vpd_prop1b_k2.json
[german-vpd] wrote replayable scalar adapter /dev/shm/geo1b/run1m_stream/german_vpd_prop1b_k2_adapter.pt
