[german-vpd] reusing cached protocol data /dev/shm/geo1b/run1m_stream/german_vpd_data.pt
[german-vpd] materialized components [989, 339, 1954, 1523]: 16/112 matrices
[german-vpd] materialized components [989, 339, 1954, 1523]: 32/112 matrices
[german-vpd] materialized components [989, 339, 1954, 1523]: 48/112 matrices
[german-vpd] materialized components [989, 339, 1954, 1523]: 64/112 matrices
[german-vpd] materialized components [989, 339, 1954, 1523]: 80/112 matrices
[german-vpd] materialized components [989, 339, 1954, 1523]: 96/112 matrices
[german-vpd] materialized components [989, 339, 1954, 1523]: 112/112 matrices
[german-vpd] components [989, 339, 1954, 1523] squared-weight mass fractions 3.458067e-05, 9.841036e-06, 5.277045e-05, 8.600463e-06; editors on ['cuda:0']
[german-vpd] warm-start scan over 86 vectors; most destructive: [-20,-20,-20,-20]:deCE=13.86/enKL=10.419, [-15,-15,-15,-15]:deCE=20.15/enKL=22.339, [+6.5,+6.5,+6.5,+6.5]:deCE=14.61/enKL=2.078, [+7,+7,+7,+7]:deCE=21.77/enKL=3.742, [+8,+8,+8,+8]:deCE=25.14/enKL=6.286, [+10,+10,+10,+10]:deCE=23.64/enKL=15.041, [+12,+12,+12,+12]:deCE=22.56/enKL=18.793, [+15,+15,+15,+15]:deCE=20.93/enKL=18.380
[german-vpd] warm-start inits lambda=0.1->[+6.5,+6.5,+6.5,+6.5], lambda=1->[+6.5,+6.5,+6.5,+6.5], lambda=10->[+1,+1,+1,+1], lambda=30->[+1,+1,+1,+1], lambda=100->[+1,+1,+1,+1]
[german-vpd] step 0000: lambda=0.1 alpha=[+6.6,+6.4,+6.6,+6.6] deCE=13.703 enKL=2.8253, lambda=1 alpha=[+6.6,+6.4,+6.6,+6.6] deCE=13.703 enKL=2.8253, lambda=10 alpha=[+1.1,+0.9,+0.9,+0.9] deCE=2.613 enKL=0.0000, lambda=30 alpha=[+1.1,+0.9,+0.9,+0.9] deCE=2.613 enKL=0.0000, lambda=100 alpha=[+1.1,+0.9,+0.9,+0.9] deCE=2.613 enKL=0.0000
[german-vpd] step 0025: lambda=0.1 alpha=[+6.14,+7.04,+5.82,+7.42] deCE=30.439 enKL=6.5268, lambda=1 alpha=[+6.71,+6.69,+5.73,+7.59] deCE=25.422 enKL=3.6003, lambda=10 alpha=[+1.35,-0.1,+1.13,+0.986] deCE=2.889 enKL=0.0008, lambda=30 alpha=[+1.17,+0.777,+1.09,+1.06] deCE=2.885 enKL=0.0007, lambda=100 alpha=[+0.97,+0.894,+0.891,+1.02] deCE=2.882 enKL=0.0007
[german-vpd] step 0050: lambda=0.1 alpha=[+6.32,+6.91,+5.7,+8.52] deCE=20.777 enKL=4.0488, lambda=1 alpha=[+7.66,+6.65,+5.18,+8.64] deCE=15.678 enKL=1.3492, lambda=10 alpha=[+1.39,-0.174,+1.18,+1.01] deCE=2.660 enKL=0.0010, lambda=30 alpha=[+1.15,+0.777,+1.08,+1.04] deCE=2.656 enKL=0.0007, lambda=100 alpha=[+1.09,+0.929,+0.993,+1.01] deCE=2.656 enKL=0.0007
[german-vpd] step 0075: lambda=0.1 alpha=[+6.53,+6.88,+5.58,+8.91] deCE=15.482 enKL=0.6923, lambda=1 alpha=[+8.79,+6.75,+4.77,+8.29] deCE=11.417 enKL=0.3038, lambda=10 alpha=[+1.34,-0.141,+1.17,+0.977] deCE=2.628 enKL=0.0015, lambda=30 alpha=[+1.15,+0.773,+1.08,+1.02] deCE=2.623 enKL=0.0008, lambda=100 alpha=[+1.04,+0.943,+0.989,+1.01] deCE=2.623 enKL=0.0007
[german-vpd] step 0100: lambda=0.1 alpha=[+6.76,+6.94,+5.43,+8.54] deCE=21.919 enKL=3.8313, lambda=1 alpha=[+9.96,+6.88,+4.5,+8.23] deCE=15.486 enKL=2.9765, lambda=10 alpha=[+1.35,-0.126,+1.16,+1.08] deCE=2.619 enKL=0.0011, lambda=30 alpha=[+1.14,+0.777,+1.06,+1.01] deCE=2.614 enKL=0.0007, lambda=100 alpha=[+1.04,+0.916,+1.01,+0.996] deCE=2.613 enKL=0.0006
[german-vpd] step 0125: lambda=0.1 alpha=[+7.22,+6.68,+5.37,+8.64] deCE=23.833 enKL=2.8597, lambda=1 alpha=[+10.4,+6.88,+4.44,+8.25] deCE=21.132 enKL=1.4150, lambda=10 alpha=[+1.36,-0.133,+1.15,+0.994] deCE=2.892 enKL=0.0008, lambda=30 alpha=[+1.11,+0.756,+1.06,+1.05] deCE=2.886 enKL=0.0007, lambda=100 alpha=[+1.06,+0.948,+0.999,+1.05] deCE=2.883 enKL=0.0007
[german-vpd] step 0150: lambda=0.1 alpha=[+7.37,+6.97,+5.2,+8.29] deCE=20.623 enKL=3.4628, lambda=1 alpha=[+10.4,+6.95,+4.39,+8.17] deCE=12.632 enKL=0.7266, lambda=10 alpha=[+1.34,-0.13,+1.17,+1.05] deCE=2.656 enKL=0.0010, lambda=30 alpha=[+1.09,+0.766,+1.05,+1.01] deCE=2.654 enKL=0.0007, lambda=100 alpha=[+1.06,+0.94,+1.03,+0.994] deCE=2.657 enKL=0.0007
[german-vpd] step 0175: lambda=0.1 alpha=[+7.96,+6.74,+5.17,+8.57] deCE=12.264 enKL=0.4330, lambda=1 alpha=[+10.5,+6.97,+4.37,+8.16] deCE=16.613 enKL=0.2970, lambda=10 alpha=[+1.38,-0.112,+1.19,+0.99] deCE=2.630 enKL=0.0015, lambda=30 alpha=[+1.13,+0.778,+1.07,+1.01] deCE=2.622 enKL=0.0007, lambda=100 alpha=[+1.03,+0.905,+1.03,+1.02] deCE=2.620 enKL=0.0007
[german-vpd] step 0200: lambda=0.1 alpha=[+8.19,+7.09,+4.91,+8.19] deCE=23.406 enKL=3.9449, lambda=1 alpha=[+10.7,+6.96,+4.38,+8.21] deCE=14.893 enKL=2.9184, lambda=10 alpha=[+1.38,-0.0989,+1.18,+1.01] deCE=2.621 enKL=0.0012, lambda=30 alpha=[+1.12,+0.793,+1.03,+1.01] deCE=2.615 enKL=0.0007, lambda=100 alpha=[+1.1,+0.942,+0.952,+1.02] deCE=2.613 enKL=0.0007
[german-vpd] step 0225: lambda=0.1 alpha=[+8.98,+6.89,+4.94,+8.56] deCE=25.206 enKL=2.5878, lambda=1 alpha=[+10.9,+6.96,+4.4,+8.24] deCE=21.188 enKL=1.2312, lambda=10 alpha=[+1.35,-0.0976,+1.15,+0.986] deCE=2.889 enKL=0.0008, lambda=30 alpha=[+1.13,+0.754,+1.04,+0.991] deCE=2.884 enKL=0.0007, lambda=100 alpha=[+1.05,+0.96,+1.02,+0.989] deCE=2.882 enKL=0.0006
[german-vpd] step 0250: lambda=0.1 alpha=[+9.27,+7.07,+4.74,+8.18] deCE=18.311 enKL=2.1698, lambda=1 alpha=[+11,+6.97,+4.41,+8.28] deCE=10.467 enKL=0.4791, lambda=10 alpha=[+1.35,-0.105,+1.16,+1.04] deCE=2.659 enKL=0.0009, lambda=30 alpha=[+1.1,+0.756,+1.04,+1] deCE=2.655 enKL=0.0006, lambda=100 alpha=[+1.05,+0.912,+1.01,+1] deCE=2.655 enKL=0.0007
[german-vpd] step 0275: lambda=0.1 alpha=[+9.94,+7.12,+4.67,+8.34] deCE=21.907 enKL=0.4287, lambda=1 alpha=[+11.1,+7.05,+4.39,+8.19] deCE=17.754 enKL=0.3199, lambda=10 alpha=[+1.35,-0.104,+1.18,+1.02] deCE=2.626 enKL=0.0016, lambda=30 alpha=[+1.11,+0.781,+1.03,+1.04] deCE=2.625 enKL=0.0007, lambda=100 alpha=[+1.03,+0.933,+1.04,+0.997] deCE=2.622 enKL=0.0007
[german-vpd] step 0300: lambda=0.1 alpha=[+10.4,+7.1,+4.65,+8.38] deCE=17.050 enKL=3.3048, lambda=1 alpha=[+11.2,+7.12,+4.36,+8.13] deCE=15.840 enKL=3.0554, lambda=10 alpha=[+1.39,-0.103,+1.17,+0.987] deCE=2.620 enKL=0.0012, lambda=30 alpha=[+1.12,+0.786,+1.01,+1.06] deCE=2.612 enKL=0.0007, lambda=100 alpha=[+1.07,+0.917,+0.994,+1.02] deCE=2.613 enKL=0.0006
[german-vpd] step 0325: lambda=0.1 alpha=[+10.1,+7.26,+4.56,+8.36] deCE=28.314 enKL=3.3603, lambda=1 alpha=[+11.5,+7.16,+4.36,+8.11] deCE=23.080 enKL=1.2641, lambda=10 alpha=[+1.35,-0.116,+1.15,+1] deCE=2.890 enKL=0.0008, lambda=30 alpha=[+1.12,+0.776,+1.02,+0.996] deCE=2.886 enKL=0.0007, lambda=100 alpha=[+1.04,+0.928,+1.02,+1.03] deCE=2.886 enKL=0.0007
[german-vpd] step 0350: lambda=0.1 alpha=[+10.7,+7.08,+4.67,+8.6] deCE=14.141 enKL=0.8571, lambda=1 alpha=[+11.7,+7.15,+4.37,+8.16] deCE=11.230 enKL=0.4001, lambda=10 alpha=[+1.39,-0.129,+1.19,+1.01] deCE=2.659 enKL=0.0009, lambda=30 alpha=[+1.1,+0.779,+1.07,+1.01] deCE=2.654 enKL=0.0007, lambda=100 alpha=[+1,+0.93,+1.06,+1.04] deCE=2.655 enKL=0.0007
[german-vpd] step 0375: lambda=0.1 alpha=[+10.2,+7.36,+4.51,+8.24] deCE=27.236 enKL=0.5174, lambda=1 alpha=[+11.9,+7.17,+4.35,+8.17] deCE=19.625 enKL=0.3465, lambda=10 alpha=[+1.37,-0.137,+1.16,+1.01] deCE=2.625 enKL=0.0016, lambda=30 alpha=[+1.11,+0.818,+1.03,+1.02] deCE=2.625 enKL=0.0008, lambda=100 alpha=[+1.05,+0.93,+1.01,+1] deCE=2.625 enKL=0.0007
[german-vpd] step 0399: lambda=0.1 alpha=[+10.6,+7.25,+4.59,+8.51] deCE=23.925 enKL=0.4370, lambda=1 alpha=[+11.7,+7.19,+4.26,+8.05] deCE=20.516 enKL=0.3370, lambda=10 alpha=[+1.33,-0.139,+1.15,+1.02] deCE=2.626 enKL=0.0016, lambda=30 alpha=[+1.14,+0.808,+1.11,+0.971] deCE=2.623 enKL=0.0008, lambda=100 alpha=[+1.09,+0.956,+0.99,+1] deCE=2.622 enKL=0.0007
[german-vpd] selected source=refine, alpha=[+5.5,+5.7,+5.5,+5.5]; dev dCE de/en=+2.670/+0.036
[german-vpd] eval german_europarl: CE 2.664 -> 3.697 (+1.033), KL=1.1854
[german-vpd] eval english_pile: CE 2.096 -> 2.434 (+0.337), KL=0.3400
[german-vpd] eval english_europarl: CE 3.041 -> 3.011 (-0.030), KL=0.2136
[german-vpd] eval french_europarl: CE 2.527 -> 3.219 (+0.692), KL=0.8473
[german-vpd] eval spanish_europarl: CE 2.836 -> 3.597 (+0.762), KL=0.9640
[german-vpd] eval italian_europarl: CE 2.523 -> 3.023 (+0.500), KL=0.6442
[german-vpd] eval codeparrot: CE 1.697 -> 1.889 (+0.192), KL=0.2162
[german-vpd] literal weight-edit equivalence: max |delta logit|=1.875e-01
[german-vpd] wrote result /dev/shm/geo1b/run1m_stream/german_vpd_prop1b_k4.json
[german-vpd] wrote replayable scalar adapter /dev/shm/geo1b/run1m_stream/german_vpd_prop1b_k4_adapter.pt
