[german-vpd] pilot: 48 sequences x 170 positions = 8160
[german-vpd] features [8160, 65536] collected (16s)
[german-vpd] embedded to 256d; ||phi|| range 0.67..150.93, ratio p99/p50 5.9
[german-vpd] plain        cluster sizes: min 3 median 28 max 95, 0 empty
[german-vpd] plain_seed2  cluster sizes: min 2 median 27 max 93, 0 empty
[german-vpd] magweighted  cluster sizes: min 2 median 25 max 137, 0 empty
[german-vpd] magweighted_sq cluster sizes: min 1 median 21 max 179, 0 empty
[german-vpd] plain: bank built (44s)
[german-vpd] plain_seed2: bank built (41s)
[german-vpd] magweighted: bank built (41s)
[german-vpd] magweighted_sq: bank built (42s)
[german-vpd] base CE 1.8132
[german-vpd] plain        removable within ΔCE .05: 16/256  | gini 0.587  max single 0.2197  median 0.00717
[german-vpd] plain_seed2  removable within ΔCE .05: 16/256  | gini 0.589  max single 0.1159  median 0.00599
[german-vpd] magweighted  removable within ΔCE .05: 16/256  | gini 0.666  max single 0.4126  median 0.00705
[german-vpd] magweighted_sq removable within ΔCE .05: 16/256  | gini 0.620  max single 0.2160  median 0.00639
[german-vpd] wrote /dev/shm/geo1b/run1b_streamC4096/kmeans_study_s1.json  (total 256s)
[german-vpd] pilot: 48 sequences x 170 positions = 8160
[german-vpd] features [8160, 65536] collected (17s)
[german-vpd] embedded to 256d; ||phi|| range 0.67..170.31, ratio p99/p50 5.7
[german-vpd] plain        cluster sizes: min 2 median 29 max 106, 0 empty
[german-vpd] plain_seed2  cluster sizes: min 5 median 27 max 106, 0 empty
[german-vpd] magweighted  cluster sizes: min 1 median 27 max 124, 0 empty
[german-vpd] magweighted_sq cluster sizes: min 1 median 24 max 169, 0 empty
[german-vpd] plain: bank built (44s)
[german-vpd] plain_seed2: bank built (41s)
[german-vpd] magweighted: bank built (41s)
[german-vpd] magweighted_sq: bank built (40s)
[german-vpd] base CE 1.8132
[german-vpd] plain        removable within ΔCE .05: 16/256  | gini 0.868  max single 2.1983  median 0.00715
[german-vpd] plain_seed2  removable within ΔCE .05: 16/256  | gini 0.627  max single 0.2168  median 0.00626
[german-vpd] magweighted  removable within ΔCE .05: 16/256  | gini 0.883  max single 2.4808  median 0.00602
[german-vpd] magweighted_sq removable within ΔCE .05: 16/256  | gini 0.583  max single 0.1400  median 0.00628
[german-vpd] wrote /dev/shm/geo1b/run1b_streamC4096/kmeans_study_s2.json  (total 254s)
