C=4096, soft_s=8, 112 matrices; sampling 24 components

  c2092  3.mlp.gate_proj              occ  0.06%  stable      3.1  eff     43.7  num    97/2048
  c2092  3.mlp.up_proj                occ  0.05%  stable      3.6  eff     26.2  num    64/2048
  c2092  3.mlp.down_proj              occ  0.04%  stable      6.2  eff     42.5  num    81/2048
  c2092  9.mlp.down_proj              occ  0.03%  stable      2.1  eff     35.3  num    71/2048
  c2937  1.self_attn.k_proj           occ  1.03%  stable      5.6  eff     46.3  num    70/512
/workspace/param-clustering/geo-attribution/slice_rank.py:30: UserWarning: torch.linalg.svd: During SVD computation with the selected cusolver driver, batches 0 failed to converge. A more accurate method will be used to compute the SVD as a fallback. Check doc at https://pytorch.org/docs/stable/generated/torch.linalg.svd.html (Triggered internally at /pytorch/aten/src/ATen/native/cuda/linalg/BatchLinearAlgebraLib.cpp:702.)
  s = torch.linalg.svdvals(A.float()).double()
  c2937  12.mlp.gate_proj             occ  0.08%  stable      4.2  eff     74.9  num   160/2048
  c2937  11.self_attn.q_proj          occ  0.22%  stable      5.1  eff     49.3  num    91/2048
  c2937  3.mlp.gate_proj              occ  0.05%  stable      2.5  eff     28.0  num    68/2048
  c237   0.self_attn.q_proj           occ  0.15%  stable      4.5  eff     26.7  num    49/2048
  c237   10.mlp.up_proj               occ  0.08%  stable      4.5  eff     39.8  num    82/2048
  c237   10.mlp.down_proj             occ  0.05%  stable      5.1  eff     41.9  num    77/2048
  c237   8.mlp.up_proj                occ  0.04%  stable      5.5  eff     57.8  num   109/2048
  c3814  8.mlp.gate_proj              occ  0.05%  stable      6.3  eff     45.4  num    86/2048
  c3814  7.mlp.gate_proj              occ  0.05%  stable      5.7  eff     44.7  num    85/2048
  c3814  13.mlp.gate_proj             occ  0.02%  stable      3.7  eff     26.0  num    62/2048
  c3814  4.mlp.gate_proj              occ  0.01%  stable      4.1  eff     22.2  num    41/2048
  c2040  12.mlp.down_proj             occ  0.15%  stable     11.3  eff    103.1  num   184/2048
  c2040  10.mlp.gate_proj             occ  0.08%  stable      2.8  eff     59.3  num   127/2048
  c2040  3.mlp.gate_proj              occ  0.04%  stable      2.6  eff     18.3  num    46/2048
  c2040  6.mlp.gate_proj              occ  0.06%  stable      4.9  eff     47.2  num    91/2048
  c424   14.mlp.gate_proj             occ  0.03%  stable      5.3  eff     29.0  num    54/2048
  c424   13.mlp.gate_proj             occ  0.02%  stable      6.3  eff     44.0  num    78/2048
  c424   1.mlp.down_proj              occ  0.02%  stable      2.4  eff     15.2  num    28/2048
  c424   14.mlp.down_proj             occ  0.02%  stable      3.9  eff     25.3  num    48/2048
  c1284  2.mlp.gate_proj              occ  0.17%  stable      6.3  eff    106.1  num   242/2048
  c1284  5.mlp.gate_proj              occ  0.15%  stable      4.0  eff    121.6  num   267/2048
  c1284  0.mlp.gate_proj              occ  0.15%  stable      8.7  eff    127.0  num   292/2048
  c1284  1.mlp.gate_proj              occ  0.13%  stable      5.3  eff    125.1  num   246/2048
  c927   12.mlp.gate_proj             occ  0.11%  stable      4.6  eff     55.7  num   154/2048
  c927   14.mlp.gate_proj             occ  0.09%  stable      3.9  eff     79.2  num   225/2048
  c927   10.mlp.down_proj             occ  0.14%  stable      5.3  eff    108.7  num   203/2048
  c927   8.mlp.up_proj                occ  0.04%  stable      4.7  eff     51.7  num    93/2048
  c3045  11.mlp.down_proj             occ  0.51%  stable     22.9  eff    388.1  num   751/2048
  c3045  10.mlp.down_proj             occ  0.39%  stable     10.8  eff    222.0  num   459/2048
  c3045  9.mlp.up_proj                occ  0.19%  stable     10.9  eff    141.7  num   283/2048
  c3045  15.self_attn.q_proj          occ  0.28%  stable      7.6  eff    102.5  num   182/2048
  c3842  14.mlp.gate_proj             occ  0.27%  stable      3.6  eff    264.8  num   547/2048
  c3842  11.mlp.gate_proj             occ  0.09%  stable      3.7  eff     87.0  num   214/2048
  c3842  11.self_attn.o_proj          occ  0.23%  stable     11.0  eff    102.1  num   186/2048
  c3842  9.self_attn.q_proj           occ  0.09%  stable      7.0  eff     49.8  num    89/2048
  c2019  2.mlp.gate_proj              occ  0.08%  stable      3.3  eff     27.7  num    61/2048
  c2019  7.mlp.gate_proj              occ  0.08%  stable      5.8  eff     58.4  num   119/2048
  c2019  15.mlp.gate_proj             occ  0.05%  stable      4.9  eff     73.0  num   140/2048
  c2019  8.mlp.down_proj              occ  0.05%  stable      4.0  eff     50.7  num    90/2048
  c3119  12.mlp.gate_proj             occ  0.02%  stable      2.8  eff     11.2  num    35/2048
  c3119  8.mlp.gate_proj              occ  0.02%  stable      3.9  eff     44.6  num    85/2048
  c3119  15.self_attn.q_proj          occ  0.11%  stable      5.0  eff     43.1  num    82/2048
  c3119  9.mlp.up_proj                occ  0.02%  stable      8.3  eff     32.0  num    53/2048
  c835   15.mlp.down_proj             occ  0.18%  stable     11.4  eff    178.1  num   330/2048
  c835   1.mlp.gate_proj              occ  0.02%  stable      2.0  eff     15.2  num    35/2048
  c835   4.mlp.down_proj              occ  0.01%  stable      1.4  eff      9.1  num    18/2048
  c835   8.mlp.down_proj              occ  0.01%  stable      4.8  eff     31.0  num    50/2048
  c2042  12.self_attn.q_proj          occ  0.43%  stable      7.3  eff     70.6  num   126/2048
  c2042  12.mlp.gate_proj             occ  0.08%  stable      3.9  eff     39.7  num    90/2048
  c2042  10.mlp.up_proj               occ  0.16%  stable      7.1  eff     70.3  num   153/2048
  c2042  5.mlp.gate_proj              occ  0.08%  stable      3.8  eff     59.4  num   122/2048
  c107   5.self_attn.q_proj           occ  1.14%  stable      8.2  eff    156.3  num   307/2048
  c107   4.mlp.up_proj                occ  0.93%  stable     19.4  eff    322.3  num   578/2048
  c107   8.mlp.down_proj              occ  0.70%  stable     18.8  eff    275.9  num   527/2048
  c107   6.self_attn.k_proj           occ  0.65%  stable      3.8  eff     41.0  num    84/512
  c1775  14.mlp.gate_proj             occ  0.04%  stable      2.2  eff     13.6  num    51/2048
  c1775  11.mlp.up_proj               occ  0.05%  stable      1.6  eff     18.3  num    39/2048
  c1775  8.mlp.gate_proj              occ  0.02%  stable      4.4  eff     36.3  num    63/2048
  c1775  4.mlp.gate_proj              occ  0.01%  stable      1.9  eff     10.1  num    21/2048
  c3343  6.mlp.gate_proj              occ  0.10%  stable      3.4  eff     91.7  num   202/2048
  c3343  3.self_attn.k_proj           occ  0.20%  stable      4.6  eff     24.8  num    45/512
  c3343  11.mlp.up_proj               occ  0.02%  stable      4.3  eff     25.1  num    41/2048
  c3343  12.mlp.gate_proj             occ  0.00%  stable      1.1  eff      4.8  num    12/2048
  c2289  15.mlp.gate_proj             occ  0.29%  stable      3.3  eff    276.5  num   586/2048
  c2289  12.mlp.gate_proj             occ  0.15%  stable      7.8  eff    150.3  num   325/2048
  c2289  9.mlp.gate_proj              occ  0.13%  stable      7.4  eff     78.7  num   188/2048
  c2289  2.mlp.gate_proj              occ  0.06%  stable      3.5  eff     20.6  num    42/2048
  c1491  10.mlp.gate_proj             occ  0.07%  stable      3.1  eff     37.8  num    84/2048
  c1491  15.mlp.up_proj               occ  0.12%  stable      9.7  eff    124.9  num   244/2048
  c1491  11.mlp.gate_proj             occ  0.05%  stable      3.3  eff     33.9  num    75/2048
  c1491  7.mlp.gate_proj              occ  0.02%  stable      1.2  eff     10.4  num    40/2048
  c3190  3.mlp.gate_proj              occ  0.17%  stable      3.4  eff     59.9  num   149/2048
  c3190  2.mlp.down_proj              occ  0.06%  stable      7.4  eff     64.3  num   127/2048
  c3190  11.mlp.down_proj             occ  0.03%  stable      4.5  eff     22.5  num    42/2048
  c3190  13.mlp.down_proj             occ  0.02%  stable      4.6  eff     54.4  num    93/2048
  c1307  8.mlp.gate_proj              occ  0.03%  stable      1.3  eff     21.1  num    62/2048
  c1307  7.mlp.gate_proj              occ  0.02%  stable      1.4  eff     21.1  num    54/2048
  c1307  5.mlp.up_proj                occ  0.01%  stable      2.4  eff     19.4  num    35/2048
  c1307  0.mlp.gate_proj              occ  0.00%  stable      1.9  eff      7.1  num    12/2048
  c589   10.mlp.up_proj               occ  0.41%  stable     11.1  eff    244.1  num   441/2048
  c589   3.mlp.up_proj                occ  0.25%  stable      8.7  eff    165.8  num   299/2048
  c589   6.mlp.down_proj              occ  0.26%  stable     11.8  eff    167.7  num   308/2048
  c589   6.mlp.up_proj                occ  0.20%  stable     11.7  eff    140.4  num   262/2048
  c1136  10.self_attn.q_proj          occ  1.54%  stable     14.3  eff    220.5  num   456/2048
  c1136  15.mlp.gate_proj             occ  0.48%  stable     11.4  eff    243.2  num   490/2048
  c1136  15.mlp.up_proj               occ  0.45%  stable     14.0  eff    234.1  num   443/2048
  c1136  9.mlp.down_proj              occ  0.47%  stable     10.0  eff    222.8  num   436/2048
  c3644  14.mlp.down_proj             occ  1.64%  stable    110.3  eff    832.5  num  1530/2048
  c3644  10.mlp.gate_proj             occ  0.29%  stable     10.8  eff    221.5  num   456/2048
  c3644  11.mlp.up_proj               occ  0.44%  stable     33.4  eff    399.7  num   761/2048
  c3644  9.mlp.up_proj                occ  0.14%  stable     13.7  eff    151.9  num   289/2048

=== means over 96 (component, matrix) slices ===
                                           slice    full W_m
  stable rank                                7.4       135.5
  effective rank exp(entropy)               95.9      1795.4
  numerical rank                           190.3
  max possible = min(dim)                 2000.0
  entry occupancy                          0.19%

  numerical rank / min(dim)        0.096
  slice eff rank / full-matrix eff  0.055

  rank-1 would be 1.0; anything near min(dim) means the slice is as high-rank as the matrix it came from.
