[german-vpd] features [8160, 65536] in 17.8s
[german-vpd] transposed problem: [65536, 8160] (1.99 GiB)
[german-vpd] cols_sph: coordinate-cluster sizes min 1 median 114 max 7674
[german-vpd] cols_euclid: coordinate-cluster sizes min 1 median 52 max 7670
[german-vpd] row k-means 0.1s | column k-means 0.5s
[german-vpd] rows_sph: bank in 44.6s
[german-vpd] rows_euclid: bank in 39.3s
[german-vpd] cols_sph: bank in 39.3s
[german-vpd] cols_euclid: bank in 39.1s
[german-vpd] base CE 1.8132
[german-vpd] rows_sph     removable 20/256  gini 0.560  max 0.1515  median 0.00623
[german-vpd] rows_euclid  removable 32/256  gini 0.643  max 0.1560  median 0.00476
[german-vpd] cols_sph     removable 48/256  gini 0.640  max 0.1015  median 0.00470
[german-vpd] cols_euclid  removable 48/256  gini 0.601  max 0.0831  median 0.00566
[german-vpd] timing: {"collect_features": 17.8, "pca_embed": 0.2, "kmeans_rows": 0.1, "kmeans_cols": 0.5, "bank_rows_sph": 44.6, "bank_rows_euclid": 39.3, "bank_cols_sph": 39.3, "bank_cols_euclid": 39.1}
[german-vpd] wrote /dev/shm/geo1b/run1b_streamC4096/transpose_fine_s0.json  (total 261s)
[german-vpd] features [8160, 65536] in 17.6s
[german-vpd] transposed problem: [65536, 8160] (1.99 GiB)
[german-vpd] cols_sph: coordinate-cluster sizes min 1 median 112 max 7691
[german-vpd] cols_euclid: coordinate-cluster sizes min 1 median 64 max 7687
[german-vpd] row k-means 0.1s | column k-means 0.5s
[german-vpd] rows_sph: bank in 44.0s
[german-vpd] rows_euclid: bank in 38.0s
[german-vpd] cols_sph: bank in 39.7s
[german-vpd] cols_euclid: bank in 39.5s
[german-vpd] base CE 1.8132
[german-vpd] rows_sph     removable 20/256  gini 0.586  max 0.2198  median 0.00701
[german-vpd] rows_euclid  removable 32/256  gini 0.620  max 0.1190  median 0.00543
[german-vpd] cols_sph     removable 48/256  gini 0.649  max 0.0945  median 0.00512
[german-vpd] cols_euclid  removable 32/256  gini 0.540  max 0.0552  median 0.00708
[german-vpd] timing: {"collect_features": 17.6, "pca_embed": 0.2, "kmeans_rows": 0.1, "kmeans_cols": 0.5, "bank_rows_sph": 44.0, "bank_rows_euclid": 38.0, "bank_cols_sph": 39.7, "bank_cols_euclid": 39.5}
[german-vpd] wrote /dev/shm/geo1b/run1b_streamC4096/transpose_fine_s1.json  (total 260s)
[german-vpd] features [8160, 65536] in 17.0s
[german-vpd] transposed problem: [65536, 8160] (1.99 GiB)
[german-vpd] cols_sph: coordinate-cluster sizes min 1 median 120 max 7676
[german-vpd] cols_euclid: coordinate-cluster sizes min 1 median 62 max 7681
[german-vpd] row k-means 0.1s | column k-means 0.5s
[german-vpd] rows_sph: bank in 43.1s
[german-vpd] rows_euclid: bank in 38.2s
[german-vpd] cols_sph: bank in 38.0s
[german-vpd] cols_euclid: bank in 39.0s
[german-vpd] base CE 1.8132
[german-vpd] rows_sph     removable 20/256  gini 0.867  max 2.1981  median 0.00696
[german-vpd] rows_euclid  removable 32/256  gini 0.687  max 0.1824  median 0.00460
[german-vpd] cols_sph     removable 48/256  gini 0.591  max 0.0949  median 0.00577
[german-vpd] cols_euclid  removable 40/256  gini 0.608  max 0.0737  median 0.00538
[german-vpd] timing: {"collect_features": 17.0, "pca_embed": 0.2, "kmeans_rows": 0.1, "kmeans_cols": 0.5, "bank_rows_sph": 43.1, "bank_rows_euclid": 38.2, "bank_cols_sph": 38.0, "bank_cols_euclid": 39.0}
[german-vpd] wrote /dev/shm/geo1b/run1b_streamC4096/transpose_fine_s2.json  (total 257s)
