[german-vpd] features [8160, 65536] in 16.1s
[german-vpd] transposed problem: [65536, 8160] (1.99 GiB)
[german-vpd] cols_sph: coordinate-cluster sizes min 1 median 114 max 7673
[german-vpd] cols_euclid: coordinate-cluster sizes min 1 median 52 max 7670
[german-vpd] row k-means 0.1s | column k-means 0.5s
[german-vpd] rows_sph: bank in 44.3s
[german-vpd] rows_euclid: bank in 36.9s
[german-vpd] cols_sph: bank in 41.3s
[german-vpd] cols_euclid: bank in 42.7s
[german-vpd] base CE 1.8132
[german-vpd] rows_sph     removable 16/256  gini 0.560  max 0.1515  median 0.00623
[german-vpd] rows_euclid  removable 32/256  gini 0.643  max 0.1560  median 0.00476
[german-vpd] cols_sph     removable 32/256  gini 0.621  max 0.1016  median 0.00676
[german-vpd] cols_euclid  removable 32/256  gini 0.604  max 0.0834  median 0.00568
[german-vpd] timing: {"collect_features": 16.1, "pca_embed": 0.3, "kmeans_rows": 0.1, "kmeans_cols": 0.5, "bank_rows_sph": 44.3, "bank_rows_euclid": 36.9, "bank_cols_sph": 41.3, "bank_cols_euclid": 42.7}
[german-vpd] wrote /dev/shm/geo1b/run1b_streamC4096/transpose_s0.json  (total 253s)
[german-vpd] features [8160, 65536] in 18.4s
[german-vpd] transposed problem: [65536, 8160] (1.99 GiB)
[german-vpd] cols_sph: coordinate-cluster sizes min 1 median 112 max 7691
[german-vpd] cols_euclid: coordinate-cluster sizes min 1 median 64 max 7687
[german-vpd] row k-means 0.1s | column k-means 0.5s
[german-vpd] rows_sph: bank in 43.2s
[german-vpd] rows_euclid: bank in 37.2s
[german-vpd] cols_sph: bank in 38.9s
[german-vpd] cols_euclid: bank in 40.2s
[german-vpd] base CE 1.8132
[german-vpd] rows_sph     removable 16/256  gini 0.586  max 0.2198  median 0.00701
[german-vpd] rows_euclid  removable 32/256  gini 0.620  max 0.1190  median 0.00543
[german-vpd] cols_sph     removable 32/256  gini 0.647  max 0.0947  median 0.00521
[german-vpd] cols_euclid  removable 32/256  gini 0.540  max 0.0554  median 0.00705
[german-vpd] timing: {"collect_features": 18.4, "pca_embed": 0.2, "kmeans_rows": 0.1, "kmeans_cols": 0.5, "bank_rows_sph": 43.2, "bank_rows_euclid": 37.2, "bank_cols_sph": 38.9, "bank_cols_euclid": 40.2}
[german-vpd] wrote /dev/shm/geo1b/run1b_streamC4096/transpose_s1.json  (total 251s)
[german-vpd] features [8160, 65536] in 17.6s
[german-vpd] transposed problem: [65536, 8160] (1.99 GiB)
[german-vpd] cols_sph: coordinate-cluster sizes min 1 median 120 max 7676
[german-vpd] cols_euclid: coordinate-cluster sizes min 1 median 62 max 7681
[german-vpd] row k-means 0.1s | column k-means 0.5s
[german-vpd] rows_sph: bank in 45.7s
[german-vpd] rows_euclid: bank in 37.1s
[german-vpd] cols_sph: bank in 39.7s
[german-vpd] cols_euclid: bank in 39.3s
[german-vpd] base CE 1.8132
[german-vpd] rows_sph     removable 16/256  gini 0.867  max 2.1981  median 0.00696
[german-vpd] rows_euclid  removable 32/256  gini 0.687  max 0.1824  median 0.00460
[german-vpd] cols_sph     removable 32/256  gini 0.592  max 0.0950  median 0.00587
[german-vpd] cols_euclid  removable 32/256  gini 0.608  max 0.0738  median 0.00524
[german-vpd] timing: {"collect_features": 17.6, "pca_embed": 0.2, "kmeans_rows": 0.1, "kmeans_cols": 0.5, "bank_rows_sph": 45.7, "bank_rows_euclid": 37.1, "bank_cols_sph": 39.7, "bank_cols_euclid": 39.3}
[german-vpd] wrote /dev/shm/geo1b/run1b_streamC4096/transpose_s2.json  (total 251s)
