[german-vpd] materialized components [3203, 3317, 304, 1499]: 16/112 matrices
[german-vpd] materialized components [3203, 3317, 304, 1499]: 32/112 matrices
[german-vpd] materialized components [3203, 3317, 304, 1499]: 48/112 matrices
[german-vpd] materialized components [3203, 3317, 304, 1499]: 64/112 matrices
[german-vpd] materialized components [3203, 3317, 304, 1499]: 80/112 matrices
[german-vpd] materialized components [3203, 3317, 304, 1499]: 96/112 matrices
[german-vpd] materialized components [3203, 3317, 304, 1499]: 112/112 matrices
[german-vpd] components [3203, 3317, 304, 1499]: 4 x 112 = 448 scalars, mass fraction 0.000024 ([1.25e-05, 6.6e-06, 3.8e-06, 1e-06])
[german-vpd] scoring the unedited model
[german-vpd]   base bio_train   acc 0.4633  ce4 1.2244  (n=300)
[german-vpd]   base bio_dev     acc 0.5200  ce4 1.2138  (n=150)
[german-vpd]   base bio_eval    acc 0.4557  ce4 1.2549  (n=823)
[german-vpd]   base cyber_eval  acc 0.3422  ce4 1.3507  (n=1537)
[german-vpd]   base chem_dev    acc 0.3333  ce4 1.3315  (n=108)
[german-vpd]   base mmlu        acc 0.3850  ce4 1.3077  (n=200)
[german-vpd]   base bio_retain  CE 2.3895
[german-vpd]   base cyber_retain CE 1.5216
[german-vpd]   base pile        CE 1.2369
[german-vpd] baseline in 51s
[german-vpd] k4 lr=0.3 lam=10 step 200: bio_eval 0.383 (base 0.456) | mmlu 0.365 (base 0.385) | cyber 0.339 | bio-retain ΔCE +0.007 pile ΔCE +0.002
[german-vpd] wrote /dev/shm/geo1b/run1b_streamC4096/wmdp_edit_k4op.json and /dev/shm/geo1b/run1b_streamC4096/wmdp_edit_k4op_alpha.pt
