[german-vpd] materialized components [3203]: 16/112 matrices
[german-vpd] materialized components [3203]: 32/112 matrices
[german-vpd] materialized components [3203]: 48/112 matrices
[german-vpd] materialized components [3203]: 64/112 matrices
[german-vpd] materialized components [3203]: 80/112 matrices
[german-vpd] materialized components [3203]: 96/112 matrices
[german-vpd] materialized components [3203]: 112/112 matrices
[german-vpd] component 3203: 112 matrices, mass fraction 0.000012
[german-vpd] scoring the unedited model
[german-vpd]   base bio_train   acc 0.4633  ce4 1.2244  (n=300)
[german-vpd]   base bio_dev     acc 0.5200  ce4 1.2138  (n=150)
[german-vpd]   base bio_eval    acc 0.4557  ce4 1.2549  (n=823)
[german-vpd]   base cyber_eval  acc 0.3422  ce4 1.3507  (n=1537)
[german-vpd]   base chem_dev    acc 0.3333  ce4 1.3315  (n=108)
[german-vpd]   base mmlu        acc 0.3900  ce4 1.2929  (n=800)
[german-vpd]   base bio_retain  CE 2.3895
[german-vpd]   base cyber_retain CE 1.5216
[german-vpd]   base pile        CE 1.2369
[german-vpd] baseline in 50s
[german-vpd] c3203 lr=0.3 lam=1 step 25: bio_eval 0.419 (base 0.456) | mmlu 0.400 (base 0.390) | cyber 0.340 | bio-retain ΔCE +0.030 pile ΔCE +0.006
[german-vpd] c3203 lr=0.3 lam=1 step 50: bio_eval 0.419 (base 0.456) | mmlu 0.400 (base 0.390) | cyber 0.338 | bio-retain ΔCE +0.025 pile ΔCE +0.006
[german-vpd] c3203 lr=0.3 lam=1 step 100: bio_eval 0.403 (base 0.456) | mmlu 0.407 (base 0.390) | cyber 0.334 | bio-retain ΔCE +0.020 pile ΔCE +0.006
[german-vpd] c3203 lr=0.3 lam=1 step 200: bio_eval 0.351 (base 0.456) | mmlu 0.336 (base 0.390) | cyber 0.318 | bio-retain ΔCE +0.032 pile ΔCE +0.016
[german-vpd] c3203 lr=0.3 lam=1 step 400: bio_eval 0.327 (base 0.456) | mmlu 0.306 (base 0.390) | cyber 0.313 | bio-retain ΔCE +0.045 pile ΔCE +0.022
[german-vpd] c3203 lr=0.3 lam=10 step 25: bio_eval 0.431 (base 0.456) | mmlu 0.399 (base 0.390) | cyber 0.336 | bio-retain ΔCE +0.018 pile ΔCE +0.004
[german-vpd] c3203 lr=0.3 lam=10 step 50: bio_eval 0.439 (base 0.456) | mmlu 0.400 (base 0.390) | cyber 0.339 | bio-retain ΔCE +0.009 pile ΔCE +0.003
[german-vpd] c3203 lr=0.3 lam=10 step 100: bio_eval 0.424 (base 0.456) | mmlu 0.400 (base 0.390) | cyber 0.342 | bio-retain ΔCE +0.004 pile ΔCE +0.002
[german-vpd] c3203 lr=0.3 lam=10 step 200: bio_eval 0.423 (base 0.456) | mmlu 0.403 (base 0.390) | cyber 0.343 | bio-retain ΔCE +0.005 pile ΔCE +0.002
[german-vpd] c3203 lr=0.3 lam=10 step 400: bio_eval 0.425 (base 0.456) | mmlu 0.400 (base 0.390) | cyber 0.341 | bio-retain ΔCE +0.005 pile ΔCE +0.002
[german-vpd] c3203 lr=1 lam=1 step 25: bio_eval 0.417 (base 0.456) | mmlu 0.393 (base 0.390) | cyber 0.329 | bio-retain ΔCE +0.021 pile ΔCE +0.009
[german-vpd] c3203 lr=1 lam=1 step 50: bio_eval 0.399 (base 0.456) | mmlu 0.379 (base 0.390) | cyber 0.333 | bio-retain ΔCE +0.026 pile ΔCE +0.012
[german-vpd] c3203 lr=1 lam=1 step 100: bio_eval 0.346 (base 0.456) | mmlu 0.356 (base 0.390) | cyber 0.307 | bio-retain ΔCE +0.039 pile ΔCE +0.016
[german-vpd] c3203 lr=1 lam=1 step 200: bio_eval 0.327 (base 0.456) | mmlu 0.326 (base 0.390) | cyber 0.318 | bio-retain ΔCE +0.037 pile ΔCE +0.018
[german-vpd] c3203 lr=1 lam=1 step 400: bio_eval 0.326 (base 0.456) | mmlu 0.315 (base 0.390) | cyber 0.309 | bio-retain ΔCE +0.046 pile ΔCE +0.022
[german-vpd] c3203 lr=1 lam=10 step 25: bio_eval 0.440 (base 0.456) | mmlu 0.396 (base 0.390) | cyber 0.345 | bio-retain ΔCE +0.006 pile ΔCE +0.003
[german-vpd] c3203 lr=1 lam=10 step 50: bio_eval 0.420 (base 0.456) | mmlu 0.396 (base 0.390) | cyber 0.347 | bio-retain ΔCE +0.006 pile ΔCE +0.002
[german-vpd] c3203 lr=1 lam=10 step 100: bio_eval 0.424 (base 0.456) | mmlu 0.405 (base 0.390) | cyber 0.342 | bio-retain ΔCE +0.005 pile ΔCE +0.002
[german-vpd] c3203 lr=1 lam=10 step 200: bio_eval 0.413 (base 0.456) | mmlu 0.406 (base 0.390) | cyber 0.345 | bio-retain ΔCE +0.006 pile ΔCE +0.002
[german-vpd] c3203 lr=1 lam=10 step 400: bio_eval 0.419 (base 0.456) | mmlu 0.395 (base 0.390) | cyber 0.338 | bio-retain ΔCE +0.006 pile ΔCE +0.002
[german-vpd] wrote /dev/shm/geo1b/run1b_streamC4096/wmdp_edit_c3203.json
